Component: ARM Compiler 5.06 update 7 (build 960) Tool: armlink [4d3601]

==============================================================================

Section Cross References

    startup_stm32f10x_hd.o(RESET) refers to startup_stm32f10x_hd.o(.text) for Reset_Handler
    startup_stm32f10x_hd.o(RESET) refers to stm32f10x_it.o(.text) for USB_LP_CAN1_RX0_IRQHandler
    startup_stm32f10x_hd.o(.text) refers to startup_stm32f10x_hd.o(STACK) for __initial_sp
    startup_stm32f10x_hd.o(.text) refers to entry.o(.ARM.Collect$$$$00000000) for __main
    main.o(.text) refers to delay.o(.text) for RCC_Configuration
    main.o(.text) refers to usart.o(.text) for USART1_Configuration
    main.o(.text) refers to nrf24l01.o(.text) for NRF24L01_Configuration
    main.o(.text) refers to gpio.o(.text) for My_GPIO_Init
    main.o(.text) refers to hw_config.o(.text) for Set_System
    main.o(.text) refers to usb_init.o(.text) for USB_Init
    main.o(.text) refers to main.o(.bss) for RXbag
    main.o(.text) refers to main.o(.data) for X24
    stm32f10x_it.o(.text) refers to stm32f10x_usart.o(.text) for USART_GetITStatus
    stm32f10x_it.o(.text) refers to usb_istr.o(.text) for USB_Istr
    stm32f10x_it.o(.text) refers to main.o(.data) for USART_mark
    stm32f10x_it.o(.text) refers to main.o(.bss) for USART_RX
    gpio.o(.text) refers to stm32f10x_rcc.o(.text) for RCC_APB2PeriphClockCmd
    gpio.o(.text) refers to stm32f10x_gpio.o(.text) for GPIO_Init
    usart.o(.text) refers to misc.o(.text) for NVIC_PriorityGroupConfig
    usart.o(.text) refers to stm32f10x_rcc.o(.text) for RCC_APB2PeriphClockCmd
    usart.o(.text) refers to stm32f10x_gpio.o(.text) for GPIO_Init
    usart.o(.text) refers to stm32f10x_usart.o(.text) for USART_Init
    usart.o(.text) refers to printfb.o(i.__0printf$bare) for __2printf
    usart.o(.text) refers to usart.o(.data) for USARTx_MARK
    usart.o(.text) refers to main.o(.bss) for USART_RX
    usart.o(.text) refers to main.o(.data) for USART_control
    delay.o(.text) refers to stm32f10x_rcc.o(.text) for RCC_DeInit
    delay.o(.text) refers to stm32f10x_flash.o(.text) for FLASH_SetLatency
    delay.o(.text) refers to delay.o(.data) for fac_us
    iic.o(.text) refers to gpio.o(.text) for My_GPIO_Init
    iic.o(.text) refers to delay.o(.text) for delay_us
    nrf24l01.o(.text) refers to spi.o(.text) for SPI2_Configuration
    nrf24l01.o(.text) refers to stm32f10x_rcc.o(.text) for RCC_APB2PeriphClockCmd
    nrf24l01.o(.text) refers to stm32f10x_gpio.o(.text) for GPIO_Init
    nrf24l01.o(.text) refers to nrf24l01.o(.constdata) for RX_ADDRESS
    24cxx.o(.text) refers to iic.o(.text) for IIC_Configuration
    24cxx.o(.text) refers to delay.o(.text) for delay_ms
    spi.o(.text) refers to stm32f10x_rcc.o(.text) for RCC_APB2PeriphClockCmd
    spi.o(.text) refers to stm32f10x_gpio.o(.text) for GPIO_Init
    spi.o(.text) refers to stm32f10x_spi.o(.text) for SPI_Init
    tim.o(.text) refers to stm32f10x_rcc.o(.text) for RCC_APB2PeriphClockCmd
    tim.o(.text) refers to stm32f10x_tim.o(.text) for TIM_TimeBaseInit
    tim.o(.text) refers to misc.o(.text) for NVIC_PriorityGroupConfig
    hw_config.o(.text) refers to stm32f10x_rcc.o(.text) for RCC_APB2PeriphClockCmd
    hw_config.o(.text) refers to stm32f10x_gpio.o(.text) for GPIO_Init
    hw_config.o(.text) refers to stm32f10x_tim.o(.text) for TIM_DeInit
    hw_config.o(.text) refers to misc.o(.text) for NVIC_PriorityGroupConfig
    hw_config.o(.text) refers to usb_sil.o(.text) for USB_SIL_Write
    hw_config.o(.text) refers to usb_regs.o(.text) for SetEPTxValid
    hw_config.o(.text) refers to main.o(.data) for GYRO_AVG_X
    hw_config.o(.text) refers to main.o(.bss) for RXbag
    hw_config.o(.text) refers to usb_desc.o(.data) for Joystick_StringSerial
    usb_istr.o(.text) refers to usb_int.o(.text) for CTR_LP
    usb_istr.o(.text) refers to usb_pwr.o(.text) for Resume
    usb_istr.o(.text) refers to usb_istr.o(.data) for wIstr
    usb_istr.o(.text) refers to usb_init.o(.data) for wInterrupt_Mask
    usb_istr.o(.text) refers to usb_prop.o(.data) for Device_Property
    usb_istr.o(.text) refers to usb_pwr.o(.data) for fSuspendEnabled
    usb_istr.o(.data) refers to usb_core.o(.text) for NOP_Process
    usb_prop.o(.text) refers to hw_config.o(.text) for Get_SerialNum
    usb_prop.o(.text) refers to usb_pwr.o(.text) for PowerOn
    usb_prop.o(.text) refers to usb_sil.o(.text) for USB_SIL_Init
    usb_prop.o(.text) refers to usb_regs.o(.text) for SetBTABLE
    usb_prop.o(.text) refers to usb_core.o(.text) for SetDeviceAddress
    usb_prop.o(.text) refers to usb_init.o(.data) for pInformation
    usb_prop.o(.text) refers to usb_pwr.o(.data) for bDeviceState
    usb_prop.o(.text) refers to usb_desc.o(.constdata) for Joystick_ConfigDescriptor
    usb_prop.o(.text) refers to usb_prop.o(.data) for Device_Property
    usb_prop.o(.text) refers to usb_init.o(.bss) for Device_Info
    usb_prop.o(.data) refers to usb_prop.o(.text) for Joystick_init
[...]
    printf3.o(i.__0sprintf$3) refers to printf3.o(i._printf_core) for _printf_core
    printf3.o(i.__0sprintf$3) refers to printf3.o(i._sputc) for _sputc
    printf3.o(i.__0vfprintf$3) refers to printf3.o(i._printf_core) for _printf_core
    printf3.o(i.__0vfprintf$3) refers to usart.o(.text) for fputc
    printf3.o(i.__0vprintf$3) refers to printf3.o(i._printf_core) for _printf_core
    printf3.o(i.__0vprintf$3) refers to usart.o(.text) for fputc
    printf3.o(i.__0vprintf$3) refers to stdout.o(.data) for __stdout
    printf3.o(i.__0vsnprintf$3) refers to printf3.o(i._printf_core) for _printf_core
    printf3.o(i.__0vsnprintf$3) refers to printf3.o(i._snputc) for _snputc
    printf3.o(i.__0vsprintf$3) refers to printf3.o(i._printf_core) for _printf_core
    printf3.o(i.__0vsprintf$3) refers to printf3.o(i._sputc) for _sputc
    printf3.o(i._printf_core) refers to uidiv.o(.text) for __aeabi_uidivmod
    printf4.o(i.__0fprintf$4) refers to printf4.o(i._printf_core) for _printf_core
    printf4.o(i.__0fprintf$4) refers to usart.o(.text) for fputc
    printf4.o(i.__0printf$4) refers to printf4.o(i._printf_core) for _printf_core
    printf4.o(i.__0printf$4) refers to usart.o(.text) for fputc
    printf4.o(i.__0printf$4) refers to stdout.o(.data) for __stdout
    printf4.o(i.__0snprintf$4) refers to printf4.o(i._printf_core) for _printf_core
    printf4.o(i.__0snprintf$4) refers to printf4.o(i._snputc) for _snputc
    printf4.o(i.__0sprintf$4) refers to printf4.o(i._printf_core) for _printf_core
    printf4.o(i.__0sprintf$4) refers to printf4.o(i._sputc) for _sputc
    printf4.o(i.__0vfprintf$4) refers to printf4.o(i._printf_core) for _printf_core
    printf4.o(i.__0vfprintf$4) refers to usart.o(.text) for fputc
    printf4.o(i.__0vprintf$4) refers to printf4.o(i._printf_core) for _printf_core
    printf4.o(i.__0vprintf$4) refers to usart.o(.text) for fputc
    printf4.o(i.__0vprintf$4) refers to stdout.o(.data) for __stdout
    printf4.o(i.__0vsnprintf$4) refers to printf4.o(i._printf_core) for _printf_core
    printf4.o(i.__0vsnprintf$4) refers to printf4.o(i._snputc) for _snputc
    printf4.o(i.__0vsprintf$4) refers to printf4.o(i._printf_core) for _printf_core
    printf4.o(i.__0vsprintf$4) refers to printf4.o(i._sputc) for _sputc
    printf4.o(i._printf_core) refers to uldiv.o(.text) for __aeabi_uldivmod
    printf5.o(i.__0fprintf$5) refers to printf5.o(i._printf_core) for _printf_core
    printf5.o(i.__0fprintf$5) refers to usart.o(.text) for fputc
    printf5.o(i.__0printf$5) refers to printf5.o(i._printf_core) for _printf_core
    printf5.o(i.__0printf$5) refers to usart.o(.text) for fputc
    printf5.o(i.__0printf$5) refers to stdout.o(.data) for __stdout
    printf5.o(i.__0snprintf$5) refers to printf5.o(i._printf_core) for _printf_core
    printf5.o(i.__0snprintf$5) refers to printf5.o(i._snputc) for _snputc
    printf5.o(i.__0sprintf$5) refers to printf5.o(i._printf_core) for _printf_core
    printf5.o(i.__0sprintf$5) refers to printf5.o(i._sputc) for _sputc
    printf5.o(i.__0vfprintf$5) refers to printf5.o(i._printf_core) for _printf_core
    printf5.o(i.__0vfprintf$5) refers to usart.o(.text) for fputc
    printf5.o(i.__0vprintf$5) refers to printf5.o(i._printf_core) for _printf_core
    printf5.o(i.__0vprintf$5) refers to usart.o(.text) for fputc
    printf5.o(i.__0vprintf$5) refers to stdout.o(.data) for __stdout
    printf5.o(i.__0vsnprintf$5) refers to printf5.o(i._printf_core) for _printf_core
    printf5.o(i.__0vsnprintf$5) refers to printf5.o(i._snputc) for _snputc
    printf5.o(i.__0vsprintf$5) refers to printf5.o(i._printf_core) for _printf_core
    printf5.o(i.__0vsprintf$5) refers to printf5.o(i._sputc) for _sputc
    printf5.o(i._printf_core) refers to uldiv.o(.text) for __aeabi_uldivmod
    printf6.o(i.__0fprintf$6) refers to printf6.o(i._printf_core) for _printf_core
    printf6.o(i.__0fprintf$6) refers to usart.o(.text) for fputc
    printf6.o(i.__0printf$6) refers to printf6.o(i._printf_core) for _printf_core
    printf6.o(i.__0printf$6) refers to usart.o(.text) for fputc
    printf6.o(i.__0printf$6) refers to stdout.o(.data) for __stdout
    printf6.o(i.__0snprintf$6) refers to printf6.o(i._printf_core) for _printf_core
    printf6.o(i.__0snprintf$6) refers to printf6.o(i._snputc) for _snputc
    printf6.o(i.__0sprintf$6) refers to printf6.o(i._printf_core) for _printf_core
    printf6.o(i.__0sprintf$6) refers to printf6.o(i._sputc) for _sputc
    printf6.o(i.__0vfprintf$6) refers to printf6.o(i._printf_core) for _printf_core
    printf6.o(i.__0vfprintf$6) refers to usart.o(.text) for fputc
    printf6.o(i.__0vprintf$6) refers to printf6.o(i._printf_core) for _printf_core
    printf6.o(i.__0vprintf$6) refers to usart.o(.text) for fputc
    printf6.o(i.__0vprintf$6) refers to stdout.o(.data) for __stdout
    printf6.o(i.__0vsnprintf$6) refers to printf6.o(i._printf_core) for _printf_core
    printf6.o(i.__0vsnprintf$6) refers to printf6.o(i._snputc) for _snputc
    printf6.o(i.__0vsprintf$6) refers to printf6.o(i._printf_core) for _printf_core
    printf6.o(i.__0vsprintf$6) refers to printf6.o(i._sputc) for _sputc
    printf6.o(i._printf_core) refers to printf6.o(i._printf_pre_padding) for _printf_pre_padding
    printf6.o(i._printf_core) refers to uidiv.o(.text) for __aeabi_uidivmod
    printf6.o(i._printf_core) refers to printf6.o(i._printf_post_padding) for _printf_post_padding
    printf7.o(i.__0fprintf$7) refers to printf7.o(i._printf_core) for _printf_core
    printf7.o(i.__0fprintf$7) refers to usart.o(.text) for fputc
    printf7.o(i.__0printf$7) refers to printf7.o(i._printf_core) for _printf_core
    printf7.o(i.__0printf$7) refers to usart.o(.text) for fputc
    printf7.o(i.__0printf$7) refers to stdout.o(.data) for __stdout
    printf7.o(i.__0snprintf$7) refers to printf7.o(i._printf_core) for _printf_core
    printf7.o(i.__0snprintf$7) refers to printf7.o(i._snputc) for _snputc
    printf7.o(i.__0sprintf$7) refers to printf7.o(i._printf_core) for _printf_core
    printf7.o(i.__0sprintf$7) refers to printf7.o(i._sputc) for _sputc
    printf7.o(i.__0vfprintf$7) refers to printf7.o(i._printf_core) for _printf_core
    printf7.o(i.__0vfprintf$7) refers to usart.o(.text) for fputc
    printf7.o(i.__0vprintf$7) refers to printf7.o(i._printf_core) for _printf_core
    printf7.o(i.__0vprintf$7) refers to usart.o(.text) for fputc
    printf7.o(i.__0vprintf$7) refers to stdout.o(.data) for __stdout
    printf7.o(i.__0vsnprintf$7) refers to printf7.o(i._printf_core) for _printf_core
    printf7.o(i.__0vsnprintf$7) refers to printf7.o(i._snputc) for _snputc
    printf7.o(i.__0vsprintf$7) refers to printf7.o(i._printf_core) for _printf_core
    printf7.o(i.__0vsprintf$7) refers to printf7.o(i._sputc) for _sputc
    printf7.o(i._printf_core) refers to printf7.o(i._printf_pre_padding) for _printf_pre_padding
    printf7.o(i._printf_core) refers to uldiv.o(.text) for __aeabi_uldivmod
    printf7.o(i._printf_core) refers to printf7.o(i._printf_post_padding) for _printf_post_padding
    printf8.o(i.__0fprintf$8) refers to printf8.o(i._printf_core) for _printf_core
    printf8.o(i.__0fprintf$8) refers to usart.o(.text) for fputc
    printf8.o(i.__0printf$8) refers to printf8.o(i._printf_core) for _printf_core
    printf8.o(i.__0printf$8) refers to usart.o(.text) for fputc
    printf8.o(i.__0printf$8) refers to stdout.o(.data) for __stdout
    printf8.o(i.__0snprintf$8) refers to printf8.o(i._printf_core) for _printf_core
    printf8.o(i.__0snprintf$8) refers to printf8.o(i._snputc) for _snputc
    printf8.o(i.__0sprintf$8) refers to printf8.o(i._printf_core) for _printf_core
    printf8.o(i.__0sprintf$8) refers to printf8.o(i._sputc) for _sputc
    printf8.o(i.__0vfprintf$8) refers to printf8.o(i._printf_core) for _printf_core
    printf8.o(i.__0vfprintf$8) refers to usart.o(.text) for fputc
    printf8.o(i.__0vprintf$8) refers to printf8.o(i._printf_core) for _printf_core
    printf8.o(i.__0vprintf$8) refers to usart.o(.text) for fputc
    printf8.o(i.__0vprintf$8) refers to stdout.o(.data) for __stdout
    printf8.o(i.__0vsnprintf$8) refers to printf8.o(i._printf_core) for _printf_core
    printf8.o(i.__0vsnprintf$8) refers to printf8.o(i._snputc) for _snputc
    printf8.o(i.__0vsprintf$8) refers to printf8.o(i._printf_core) for _printf_core
    printf8.o(i.__0vsprintf$8) refers to printf8.o(i._sputc) for _sputc
    printf8.o(i._printf_core) refers to printf8.o(i._printf_pre_padding) for _printf_pre_padding
    printf8.o(i._printf_core) refers to uldiv.o(.text) for __aeabi_uldivmod
    printf8.o(i._printf_core) refers to printf8.o(i._printf_post_padding) for _printf_post_padding
    printfa.o(i.__0fprintf) refers (Special) to iusefp.o(.text) for __I$use$fp
    printfa.o(i.__0fprintf) refers to printfa.o(i._printf_core) for _printf_core
    printfa.o(i.__0fprintf) refers to usart.o(.text) for fputc
    printfa.o(i.__0printf) refers (Special) to iusefp.o(.text) for __I$use$fp
    printfa.o(i.__0printf) refers to printfa.o(i._printf_core) for _printf_core
    printfa.o(i.__0printf) refers to usart.o(.text) for fputc
    printfa.o(i.__0printf) refers to stdout.o(.data) for __stdout
    printfa.o(i.__0snprintf) refers (Special) to iusefp.o(.text) for __I$use$fp
    printfa.o(i.__0snprintf) refers to printfa.o(i._printf_core) for _printf_core
    printfa.o(i.__0snprintf) refers to printfa.o(i._snputc) for _snputc
    printfa.o(i.__0sprintf) refers (Special) to iusefp.o(.text) for __I$use$fp
    printfa.o(i.__0sprintf) refers to printfa.o(i._printf_core) for _printf_core
    printfa.o(i.__0sprintf) refers to printfa.o(i._sputc) for _sputc
    printfa.o(i.__0vfprintf) refers (Special) to iusefp.o(.text) for __I$use$fp
    printfa.o(i.__0vfprintf) refers to printfa.o(i._printf_core) for _printf_core
    printfa.o(i.__0vfprintf) refers to usart.o(.text) for fputc
    printfa.o(i.__0vprintf) refers (Special) to iusefp.o(.text) for __I$use$fp
    printfa.o(i.__0vprintf) refers to printfa.o(i._printf_core) for _printf_core
    printfa.o(i.__0vprintf) refers to usart.o(.text) for fputc
    printfa.o(i.__0vprintf) refers to stdout.o(.data) for __stdout
    printfa.o(i.__0vsnprintf) refers (Special) to iusefp.o(.text) for __I$use$fp
    printfa.o(i.__0vsnprintf) refers to printfa.o(i._printf_core) for _printf_core
    printfa.o(i.__0vsnprintf) refers to printfa.o(i._snputc) for _snputc
    printfa.o(i.__0vsprintf) refers (Special) to iusefp.o(.text) for __I$use$fp
    printfa.o(i.__0vsprintf) refers to printfa.o(i._printf_core) for _printf_core
    printfa.o(i.__0vsprintf) refers to printfa.o(i._sputc) for _sputc
    printfa.o(i._fp_digits) refers (Special) to iusefp.o(.text) for __I$use$fp
    printfa.o(i._fp_digits) refers to dmul.o(.text) for __aeabi_dmul
    printfa.o(i._fp_digits) refers to ddiv.o(.text) for __aeabi_ddiv
    printfa.o(i._fp_digits) refers to cdrcmple.o(.text) for __aeabi_cdrcmple
    printfa.o(i._fp_digits) refers to dadd.o(.text) for __aeabi_dadd
    printfa.o(i._fp_digits) refers to dfixul.o(.text) for __aeabi_d2ulz
    printfa.o(i._fp_digits) refers to uldiv.o(.text) for __aeabi_uldivmod
    printfa.o(i._printf_core) refers (Special) to iusefp.o(.text) for __I$use$fp
    printfa.o(i._printf_core) refers to printfa.o(i._printf_pre_padding) for _printf_pre_padding
    printfa.o(i._printf_core) refers to uldiv.o(.text) for __aeabi_uldivmod
    printfa.o(i._printf_core) refers to printfa.o(i._printf_post_padding) for _printf_post_padding
    printfa.o(i._printf_core) refers to printfa.o(i._fp_digits) for _fp_digits
    printfa.o(i._printf_core) refers to uidiv.o(.text) for __aeabi_uidivmod
    printfa.o(i._printf_post_padding) refers (Special) to iusefp.o(.text) for __I$use$fp
    printfa.o(i._printf_pre_padding) refers (Special) to iusefp.o(.text) for __I$use$fp
    printfa.o(i._snputc) refers (Special) to iusefp.o(.text) for __I$use$fp
    printfa.o(i._sputc) refers (Special) to iusefp.o(.text) for __I$use$fp
    entry2.o(.ARM.Collect$$$$00000001) refers to entry2.o(.ARM.Collect$$$$00002712) for __lit__00000000
    entry2.o(.ARM.Collect$$$$00002712) refers to startup_stm32f10x_hd.o(STACK) for __initial_sp
    entry2.o(__vectab_stack_and_reset_area) refers to startup_stm32f10x_hd.o(STACK) for __initial_sp
    entry2.o(__vectab_stack_and_reset_area) refers to entry.o(.ARM.Collect$$$$00000000) for __main
    entry5.o(.ARM.Collect$$$$00000004) refers to init.o(.text) for __scatterload
    entry9a.o(.ARM.Collect$$$$0000000B) refers to main.o(.text) for main
    entry9b.o(.ARM.Collect$$$$0000000C) refers to main.o(.text) for main
    uldiv.o(.text) refers to llushr.o(.text) for __aeabi_llsr
    uldiv.o(.text) refers to llshl.o(.text) for __aeabi_llsl
    dadd.o(.text) refers to llshl.o(.text) for __aeabi_llsl
    dadd.o(.text) refers to llsshr.o(.text) for __aeabi_lasr
    dadd.o(.text) refers to depilogue.o(.text) for _double_epilogue
    dmul.o(.text) refers to depilogue.o(.text) for _double_epilogue
    ddiv.o(.text) refers to depilogue.o(.text) for _double_round
    dfixul.o(.text) refers to llushr.o(.text) for __aeabi_llsr
    dfixul.o(.text) refers to llshl.o(.text) for __aeabi_llsl
    init.o(.text) refers to entry5.o(.ARM.Collect$$$$00000004) for __main_after_scatterload
    depilogue.o(.text) refers to llshl.o(.text) for __aeabi_llsl
    depilogue.o(.text) refers to llushr.o(.text) for __aeabi_llsr


==============================================================================

Removing Unused input sections from the image.

    Removing core_cm3.o(.emb_text), (32 bytes).
    Removing system_stm32f10x.o(.text), (312 bytes).
    Removing system_stm32f10x.o(.constdata), (20 bytes).
    Removing startup_stm32f10x_hd.o(HEAP), (0 bytes).
    Removing iic.o(.text), (604 bytes).
    Removing 24cxx.o(.text), (378 bytes).
    Removing tim.o(.text), (308 bytes).
    Removing hw_config.o(.data), (1 bytes).
    Removing misc.o(.rev16_text), (4 bytes).
    Removing misc.o(.revsh_text), (4 bytes).
    Removing stm32f10x_flash.o(.rev16_text), (4 bytes).
    Removing stm32f10x_flash.o(.revsh_text), (4 bytes).
    Removing stm32f10x_gpio.o(.rev16_text), (4 bytes).
    Removing stm32f10x_gpio.o(.revsh_text), (4 bytes).
    Removing stm32f10x_rcc.o(.rev16_text), (4 bytes).
    Removing stm32f10x_rcc.o(.revsh_text), (4 bytes).
    Removing stm32f10x_spi.o(.rev16_text), (4 bytes).
    Removing stm32f10x_spi.o(.revsh_text), (4 bytes).
    Removing stm32f10x_tim.o(.rev16_text), (4 bytes).
    Removing stm32f10x_tim.o(.revsh_text), (4 bytes).
    Removing stm32f10x_usart.o(.rev16_text), (4 bytes).
    Removing stm32f10x_usart.o(.revsh_text), (4 bytes).
    Removing dadd.o(.text), (334 bytes).
    Removing dmul.o(.text), (228 bytes).
    Removing ddiv.o(.text), (222 bytes).
    Removing dfixul.o(.text), (48 bytes).
    Removing cdrcmple.o(.text), (48 bytes).
    Removing depilogue.o(.text), (186 bytes).

28 unused section(s) (total 2777 bytes) removed from the image.

==============================================================================

Image Symbol Table

    Local Symbols

    Symbol Name                              Value     Ov Type        Size  Object(Section)

    ../clib/../cmprslib/zerorunl2.c          0x00000000   Number         0  __dczerorl2.o ABSOLUTE
    ../clib/microlib/division.c              0x00000000   Number         0  uidiv.o ABSOLUTE
    ../clib/microlib/division.c              0x00000000   Number         0  uldiv.o ABSOLUTE
    ../clib/microlib/init/entry.s            0x00000000   Number         0  entry.o ABSOLUTE
    ../clib/microlib/init/entry.s            0x00000000   Number         0  entry7b.o ABSOLUTE
    ../clib/microlib/init/entry.s            0x00000000   Number         0  entry8a.o ABSOLUTE
    ../clib/microlib/init/entry.s            0x00000000   Number         0  entry9a.o ABSOLUTE
    ../clib/microlib/init/entry.s            0x00000000   Number         0  entry9b.o ABSOLUTE
    ../clib/microlib/init/entry.s            0x00000000   Number         0  entry10a.o ABSOLUTE
    ../clib/microlib/init/entry.s            0x00000000   Number         0  entry10b.o ABSOLUTE
    ../clib/microlib/init/entry.s            0x00000000   Number         0  entry8b.o ABSOLUTE
    ../clib/microlib/init/entry.s            0x00000000   Number         0  entry12b.o ABSOLUTE
    ../clib/microlib/init/entry.s            0x00000000   Number         0  entry11a.o ABSOLUTE
    ../clib/microlib/init/entry.s            0x00000000   Number         0  entry12a.o ABSOLUTE
    ../clib/microlib/init/entry.s            0x00000000   Number         0  entry2.o ABSOLUTE
    ../clib/microlib/init/entry.s            0x00000000   Number         0  entry5.o ABSOLUTE
    ../clib/microlib/init/entry.s            0x00000000   Number         0  entry7a.o ABSOLUTE
    ../clib/microlib/init/entry.s            0x00000000   Number         0  entry11b.o ABSOLUTE
    ../clib/microlib/longlong.c              0x00000000   Number         0  llushr.o ABSOLUTE
    ../clib/microlib/longlong.c              0x00000000   Number         0  llshl.o ABSOLUTE
    ../clib/microlib/longlong.c              0x00000000   Number         0  llsshr.o ABSOLUTE
    ../clib/microlib/printf/printf.c         0x00000000   Number         0  printf0.o ABSOLUTE
    ../clib/microlib/printf/printf.c         0x00000000   Number         0  printf1.o ABSOLUTE
    ../clib/microlib/printf/printf.c         0x00000000   Number         0  printf2.o ABSOLUTE
    ../clib/microlib/printf/printf.c         0x00000000   Number         0  printf3.o ABSOLUTE
    ../clib/microlib/printf/printf.c         0x00000000   Number         0  printf4.o ABSOLUTE
    ../clib/microlib/printf/printf.c         0x00000000   Number         0  printf5.o ABSOLUTE
    ../clib/microlib/printf/printf.c         0x00000000   Number         0  printf6.o ABSOLUTE
    ../clib/microlib/printf/printf.c         0x00000000   Number         0  printfb.o ABSOLUTE
    ../clib/microlib/printf/printf.c         0x00000000   Number         0  printf7.o ABSOLUTE
    ../clib/microlib/printf/printf.c         0x00000000   Number         0  printf8.o ABSOLUTE
    ../clib/microlib/printf/printf.c         0x00000000   Number         0  printfa.o ABSOLUTE
    ../clib/microlib/stdio/streams.c         0x00000000   Number         0  stdout.o ABSOLUTE
    ../clib/microlib/stubs.s                 0x00000000   Number         0  iusefp.o ABSOLUTE
    ../fplib/microlib/fpadd.c                0x00000000   Number         0  dadd.o ABSOLUTE
    ../fplib/microlib/fpdiv.c                0x00000000   Number         0  ddiv.o ABSOLUTE
    ../fplib/microlib/fpepilogue.c           0x00000000   Number         0  depilogue.o ABSOLUTE
    ../fplib/microlib/fpfix.c                0x00000000   Number         0  dfixul.o ABSOLUTE
    ../fplib/microlib/fpmul.c                0x00000000   Number         0  dmul.o ABSOLUTE
    cdrcmple.s                               0x00000000   Number         0  cdrcmple.o ABSOLUTE
    dc.s                                     0x00000000   Number         0  dc.o ABSOLUTE
    handlers.s                               0x00000000   Number         0  handlers.o ABSOLUTE
    init.s                                   0x00000000   Number         0  init.o ABSOLUTE
    src\\misc.c                              0x00000000   Number         0  misc.o ABSOLUTE
    src\\stm32f10x_flash.c                   0x00000000   Number         0  stm32f10x_flash.o ABSOLUTE
    src\\stm32f10x_gpio.c                    0x00000000   Number         0  stm32f10x_gpio.o ABSOLUTE
    src\\stm32f10x_rcc.c                     0x00000000   Number         0  stm32f10x_rcc.o ABSOLUTE
    src\\stm32f10x_spi.c                     0x00000000   Number         0  stm32f10x_spi.o ABSOLUTE
    src\\stm32f10x_tim.c                     0x00000000   Number         0  stm32f10x_tim.o ABSOLUTE
    src\\stm32f10x_usart.c                   0x00000000   Number         0  stm32f10x_usart.o ABSOLUTE
    src\misc.c                               0x00000000   Number         0  misc.o ABSOLUTE
    src\stm32f10x_flash.c                    0x00000000   Number         0  stm32f10x_flash.o ABSOLUTE
    src\stm32f10x_gpio.c                     0x00000000   Number         0  stm32f10x_gpio.o ABSOLUTE
    src\stm32f10x_rcc.c                      0x00000000   Number         0  stm32f10x_rcc.o ABSOLUTE
    src\stm32f10x_spi.c                      0x00000000   Number         0  stm32f10x_spi.o ABSOLUTE
    src\stm32f10x_tim.c                      0x00000000   Number         0  stm32f10x_tim.o ABSOLUTE
    src\stm32f10x_usart.c                    0x00000000   Number         0  stm32f10x_usart.o ABSOLUTE
    sys\\core_cm3.c                          0x00000000   Number         0  core_cm3.o ABSOLUTE
    sys\core_cm3.c                           0x00000000   Number         0  core_cm3.o ABSOLUTE
    sys\startup_stm32f10x_hd.s               0x00000000   Number         0  startup_stm32f10x_hd.o ABSOLUTE
    sys\system_stm32f10x.c                   0x00000000   Number         0  system_stm32f10x.o ABSOLUTE
    usb\hw_config.c                          0x00000000   Number         0  hw_config.o ABSOLUTE
    usb\usb_desc.c                           0x00000000   Number         0  usb_desc.o ABSOLUTE
    usb\usb_istr.c                           0x00000000   Number         0  usb_istr.o ABSOLUTE
    usb\usb_prop.c                           0x00000000   Number         0  usb_prop.o ABSOLUTE
    usb\usb_pwr.c                            0x00000000   Number         0  usb_pwr.o ABSOLUTE
    usb_lib\src\usb_core.c                   0x00000000   Number         0  usb_core.o ABSOLUTE
    usb_lib\src\usb_init.c                   0x00000000   Number         0  usb_init.o ABSOLUTE
    usb_lib\src\usb_int.c                    0x00000000   Number         0  usb_int.o ABSOLUTE
    usb_lib\src\usb_mem.c                    0x00000000   Number         0  usb_mem.o ABSOLUTE
    usb_lib\src\usb_regs.c                   0x00000000   Number         0  usb_regs.o ABSOLUTE
    usb_lib\src\usb_sil.c                    0x00000000   Number         0  usb_sil.o ABSOLUTE
    user\delay.c                             0x00000000   Number         0  delay.o ABSOLUTE
    user\gpio.c                              0x00000000   Number         0  gpio.o ABSOLUTE
    user\main.c                              0x00000000   Number         0  main.o ABSOLUTE
    user\spi&iic\24cxx.c                     0x00000000   Number         0  24cxx.o ABSOLUTE
    user\spi&iic\iic.c                       0x00000000   Number         0  iic.o ABSOLUTE
    user\spi&iic\nrf24l01.c                  0x00000000   Number         0  nrf24l01.o ABSOLUTE
    user\spi&iic\spi.c                       0x00000000   Number         0  spi.o ABSOLUTE
    user\stm32f10x_it.c                      0x00000000   Number         0  stm32f10x_it.o ABSOLUTE
    user\tim\tim.c                           0x00000000   Number         0  tim.o ABSOLUTE
    user\usart.c                             0x00000000   Number         0  usart.o ABSOLUTE
    RESET                                    0x08000000   Section      304  startup_stm32f10x_hd.o(RESET)
    .ARM.Collect$$$$00000000                 0x08000130   Section        0  entry.o(.ARM.Collect$$$$00000000)
    .ARM.Collect$$$$00000001                 0x08000130   Section        4  entry2.o(.ARM.Collect$$$$00000001)
    .ARM.Collect$$$$00000004                 0x08000134   Section        4  entry5.o(.ARM.Collect$$$$00000004)
    .ARM.Collect$$$$00000008                 0x08000138   Section        0  entry7b.o(.ARM.Collect$$$$00000008)
    .ARM.Collect$$$$0000000A                 0x08000138   Section        0  entry8b.o(.ARM.Collect$$$$0000000A)
    .ARM.Collect$$$$0000000B                 0x08000138   Section        8  entry9a.o(.ARM.Collect$$$$0000000B)
    .ARM.Collect$$$$0000000E                 0x08000140   Section        4  entry12b.o(.ARM.Collect$$$$0000000E)
    .ARM.Collect$$$$0000000F                 0x08000144   Section        0  entry10a.o(.ARM.Collect$$$$0000000F)
    .ARM.Collect$$$$00000011                 0x08000144   Section        0  entry11a.o(.ARM.Collect$$$$00000011)
    .ARM.Collect$$$$00002712                 0x08000144   Section        4  entry2.o(.ARM.Collect$$$$00002712)
    __lit__00000000                          0x08000144   Data           4  entry2.o(.ARM.Collect$$$$00002712)
    .text                                    0x08000148   Section       48  startup_stm32f10x_hd.o(.text)
    .text                                    0x08000178   Section        0  main.o(.text)
    .text                                    0x0800025c   Section        0  stm32f10x_it.o(.text)
    .text                                    0x080002b8   Section        0  gpio.o(.text)
    .text                                    0x08000380   Section        0  usart.o(.text)
    .text                                    0x08000af4   Section        0  delay.o(.text)
    .text                                    0x08000cc0   Section        0  nrf24l01.o(.text)
    .text                                    0x08000fe4   Section        0  spi.o(.text)
    .text                                    0x08001268   Section        0  hw_config.o(.text)
    IntToUnicode                             0x080014e3   Thumb Code    62  hw_config.o(.text)
    .text                                    0x08001580   Section        0  usb_istr.o(.text)
    .text                                    0x08001678   Section        0  usb_prop.o(.text)
    .text                                    0x08001894   Section        0  usb_pwr.o(.text)
    .text                                    0x080019dc   Section        0  usb_core.o(.text)
    DataStageOut                             0x08001e1b   Thumb Code   166  usb_core.o(.text)
    DataStageIn                              0x08001ec1   Thumb Code   166  usb_core.o(.text)
    NoData_Setup0                            0x08001f67   Thumb Code   302  usb_core.o(.text)
    Data_Setup0                              0x08002095   Thumb Code   678  usb_core.o(.text)
    .text                                    0x08002538   Section        0  usb_init.o(.text)
    .text                                    0x08002574   Section        0  usb_int.o(.text)
    .text                                    0x080028b0   Section        0  usb_mem.o(.text)
    .text                                    0x0800290c   Section        0  usb_regs.o(.text)
    .text                                    0x08003114   Section        0  usb_sil.o(.text)
    .text                                    0x08003194   Section        0  misc.o(.text)
    .text                                    0x08003270   Section        0  stm32f10x_flash.o(.text)
    delay                                    0x080032f9   Thumb Code    26  stm32f10x_flash.o(.text)
    .text                                    0x0800379c   Section        0  stm32f10x_gpio.o(.text)
    .text                                    0x08003ac8   Section        0  stm32f10x_rcc.o(.text)
    .text                                    0x08003e68   Section        0  stm32f10x_spi.o(.text)
    .text                                    0x08004168   Section        0  stm32f10x_tim.o(.text)
    TI4_Config                               0x08004487   Thumb Code    82  stm32f10x_tim.o(.text)
    TI3_Config                               0x080044eb   Thumb Code    72  stm32f10x_tim.o(.text)
    TI2_Config                               0x0800455d   Thumb Code    80  stm32f10x_tim.o(.text)
    TI1_Config                               0x080045bf   Thumb Code    56  stm32f10x_tim.o(.text)
    .text                                    0x08004d30   Section        0  stm32f10x_usart.o(.text)
    .text                                    0x080050a0   Section       36  init.o(.text)
    .text                                    0x080050c4   Section        0  __dczerorl2.o(.text)
    i.__0printf$bare                         0x0800511c   Section        0  printfb.o(i.__0printf$bare)
    i.__scatterload_copy                     0x0800512c   Section       14  handlers.o(i.__scatterload_copy)
    i.__scatterload_null                     0x0800513a   Section        2  handlers.o(i.__scatterload_null)
    i.__scatterload_zeroinit                 0x0800513c   Section       14  handlers.o(i.__scatterload_zeroinit)
    i._printf_core                           0x0800514a   Section        0  printfb.o(i._printf_core)
    _printf_core                             0x0800514b   Thumb Code    34  printfb.o(i._printf_core)
    .constdata                               0x0800516c   Section       10  nrf24l01.o(.constdata)
    .constdata                               0x08005176   Section      234  usb_desc.o(.constdata)
    .data                                    0x20000000   Section       32  main.o(.data)
    .data                                    0x20000020   Section        1  usart.o(.data)
    .data                                    0x20000022   Section        4  delay.o(.data)
    fac_us                                   0x20000022   Data           1  delay.o(.data)
    fac_ms                                   0x20000024   Data           2  delay.o(.data)
    .data                                    0x20000026   Section       28  usb_desc.o(.data)
    .data                                    0x20000044   Section       60  usb_istr.o(.data)
    .data                                    0x20000080   Section      156  usb_prop.o(.data)
    .data                                    0x2000011c   Section        7  usb_pwr.o(.data)
    .data                                    0x20000124   Section        3  usb_core.o(.data)
    .data                                    0x20000128   Section       20  usb_init.o(.data)
    .data                                    0x2000013c   Section        4  usb_int.o(.data)
    .data                                    0x20000140   Section       20  stm32f10x_rcc.o(.data)
    APBAHBPrescTable                         0x20000140   Data          16  stm32f10x_rcc.o(.data)
    ADCPrescTable                            0x20000150   Data           4  stm32f10x_rcc.o(.data)
    .data                                    0x20000154   Section        4  stdout.o(.data)
    .bss                                     0x20000158   Section       92  main.o(.bss)
    .bss                                     0x200001b4   Section       28  usb_init.o(.bss)
    STACK                                    0x200001d0   Section      512  startup_stm32f10x_hd.o(STACK)

    Global Symbols

    Symbol Name                              Value     Ov Type        Size  Object(Section)

    BuildAttributes$$THM_ISAv4$P$D$K$B$S$PE$A:L22UL41UL21$X:L11$S22US41US21$IEEE1$IW$USESV6$~STKCKD$USESV7$~SHL$OSPACE$ROPI$EBA8$MICROLIB$REQ8$PRES8$EABIv2 0x00000000   Number         0  anon$$obj.o ABSOLUTE
    __ARM_use_no_argv                        0x00000000   Number         0  main.o ABSOLUTE
    __arm_fini_                               - Undefined Weak Reference
    __cpp_initialize__aeabi_                  - Undefined Weak Reference
    __cxa_finalize                            - Undefined Weak Reference
    _clock_init                               - Undefined Weak Reference
    _microlib_exit                            - Undefined Weak Reference
    __Vectors_Size                           0x00000130   Number         0  startup_stm32f10x_hd.o ABSOLUTE
    __Vectors                                0x08000000   Data           4  startup_stm32f10x_hd.o(RESET)
    __Vectors_End                            0x08000130   Data           0  startup_stm32f10x_hd.o(RESET)
    __main                                   0x08000131   Thumb Code     0  entry.o(.ARM.Collect$$$$00000000)
    _main_stk                                0x08000131   Thumb Code     0  entry2.o(.ARM.Collect$$$$00000001)
    _main_scatterload                        0x08000135   Thumb Code     0  entry5.o(.ARM.Collect$$$$00000004)
    __main_after_scatterload                 0x08000139   Thumb Code     0  entry5.o(.ARM.Collect$$$$00000004)
    _main_clock                              0x08000139   Thumb Code     0  entry7b.o(.ARM.Collect$$$$00000008)
    _main_cpp_init                           0x08000139   Thumb Code     0  entry8b.o(.ARM.Collect$$$$0000000A)
    _main_init                               0x08000139   Thumb Code     0  entry9a.o(.ARM.Collect$$$$0000000B)
    __rt_lib_shutdown_fini                   0x08000141   Thumb Code     0  entry12b.o(.ARM.Collect$$$$0000000E)
    __rt_final_cpp                           0x08000145   Thumb Code     0  entry10a.o(.ARM.Collect$$$$0000000F)
    __rt_final_exit                          0x08000145   Thumb Code     0  entry11a.o(.ARM.Collect$$$$00000011)
    SystemInit_ExtMemCtl                     0x08000149   Thumb Code     2  startup_stm32f10x_hd.o(.text)
    Reset_Handler                            0x0800014b   Thumb Code    14  startup_stm32f10x_hd.o(.text)
    NMI_Handler                              0x08000159   Thumb Code     2  startup_stm32f10x_hd.o(.text)
    HardFault_Handler                        0x0800015b   Thumb Code     2  startup_stm32f10x_hd.o(.text)
    MemManage_Handler                        0x0800015d   Thumb Code     2  startup_stm32f10x_hd.o(.text)
    BusFault_Handler                         0x0800015f   Thumb Code     2  startup_stm32f10x_hd.o(.text)
    UsageFault_Handler                       0x08000161   Thumb Code     2  startup_stm32f10x_hd.o(.text)
    SVC_Handler                              0x08000163   Thumb Code     2  startup_stm32f10x_hd.o(.text)
    DebugMon_Handler                         0x08000165   Thumb Code     2  startup_stm32f10x_hd.o(.text)
    PendSV_Handler                           0x08000167   Thumb Code     2  startup_stm32f10x_hd.o(.text)
    SysTick_Handler                          0x08000169   Thumb Code     2  startup_stm32f10x_hd.o(.text)
    ADC1_2_IRQHandler                        0x0800016b   Thumb Code     0  startup_stm32f10x_hd.o(.text)
    ADC3_IRQHandler                          0x0800016b   Thumb Code     0  startup_stm32f10x_hd.o(.text)
    CAN1_RX1_IRQHandler                      0x0800016b   Thumb Code     0  startup_stm32f10x_hd.o(.text)
    CAN1_SCE_IRQHandler                      0x0800016b   Thumb Code     0  startup_stm32f10x_hd.o(.text)
    DMA1_Channel1_IRQHandler                 0x0800016b   Thumb Code     0  startup_stm32f10x_hd.o(.text)
    DMA1_Channel2_IRQHandler                 0x0800016b   Thumb Code     0  startup_stm32f10x_hd.o(.text)
    DMA1_Channel3_IRQHandler                 0x0800016b   Thumb Code     0  startup_stm32f10x_hd.o(.text)
    DMA1_Channel4_IRQHandler                 0x0800016b   Thumb Code     0  startup_stm32f10x_hd.o(.text)
    DMA1_Channel5_IRQHandler                 0x0800016b   Thumb Code     0  startup_stm32f10x_hd.o(.text)
    DMA1_Channel6_IRQHandler                 0x0800016b   Thumb Code     0  startup_stm32f10x_hd.o(.text)
    DMA1_Channel7_IRQHandler                 0x0800016b   Thumb Code     0  startup_stm32f10x_hd.o(.text)
    DMA2_Channel1_IRQHandler                 0x0800016b   Thumb Code     0  startup_stm32f10x_hd.o(.text)
    DMA2_Channel2_IRQHandler                 0x0800016b   Thumb Code     0  startup_stm32f10x_hd.o(.text)
    DMA2_Channel3_IRQHandler                 0x0800016b   Thumb Code     0  startup_stm32f10x_hd.o(.text)
    DMA2_Channel4_5_IRQHandler               0x0800016b   Thumb Code     0  startup_stm32f10x_hd.o(.text)
    EXTI0_IRQHandler                         0x0800016b   Thumb Code     0  startup_stm32f10x_hd.o(.text)
    EXTI15_10_IRQHandler                     0x0800016b   Thumb Code     0  startup_stm32f10x_hd.o(.text)
    EXTI1_IRQHandler                         0x0800016b   Thumb Code     0  startup_stm32f10x_hd.o(.text)
    EXTI2_IRQHandler                         0x0800016b   Thumb Code     0  startup_stm32f10x_hd.o(.text)
    EXTI3_IRQHandler                         0x0800016b   Thumb Code     0  startup_stm32f10x_hd.o(.text)
    EXTI4_IRQHandler                         0x0800016b   Thumb Code     0  startup_stm32f10x_hd.o(.text)
    EXTI9_5_IRQHandler                       0x0800016b   Thumb Code     0  startup_stm32f10x_hd.o(.text)
    FLASH_IRQHandler                         0x0800016b   Thumb Code     0  startup_stm32f10x_hd.o(.text)
    FSMC_IRQHandler                          0x0800016b   Thumb Code     0  startup_stm32f10x_hd.o(.text)
    I2C1_ER_IRQHandler                       0x0800016b   Thumb Code     0  startup_stm32f10x_hd.o(.text)
    I2C1_EV_IRQHandler                       0x0800016b   Thumb Code     0  startup_stm32f10x_hd.o(.text)
    I2C2_ER_IRQHandler                       0x0800016b   Thumb Code     0  startup_stm32f10x_hd.o(.text)
    I2C2_EV_IRQHandler                       0x0800016b   Thumb Code     0  startup_stm32f10x_hd.o(.text)
    PVD_IRQHandler                           0x0800016b   Thumb Code     0  startup_stm32f10x_hd.o(.text)
    RCC_IRQHandler                           0x0800016b   Thumb Code     0  startup_stm32f10x_hd.o(.text)
    RTCAlarm_IRQHandler                      0x0800016b   Thumb Code     0  startup_stm32f10x_hd.o(.text)
    RTC_IRQHandler                           0x0800016b   Thumb Code     0  startup_stm32f10x_hd.o(.text)
    SDIO_IRQHandler                          0x0800016b   Thumb Code     0  startup_stm32f10x_hd.o(.text)
    SPI1_IRQHandler                          0x0800016b   Thumb Code     0  startup_stm32f10x_hd.o(.text)
    SPI2_IRQHandler                          0x0800016b   Thumb Code     0  startup_stm32f10x_hd.o(.text)
    SPI3_IRQHandler                          0x0800016b   Thumb Code     0  startup_stm32f10x_hd.o(.text)
    TAMPER_IRQHandler                        0x0800016b   Thumb Code     0  startup_stm32f10x_hd.o(.text)
    TIM1_BRK_IRQHandler                      0x0800016b   Thumb Code     0  startup_stm32f10x_hd.o(.text)
    TIM1_CC_IRQHandler                       0x0800016b   Thumb Code     0  startup_stm32f10x_hd.o(.text)
    TIM1_TRG_COM_IRQHandler                  0x0800016b   Thumb Code     0  startup_stm32f10x_hd.o(.text)
    TIM1_UP_IRQHandler                       0x0800016b   Thumb Code     0  startup_stm32f10x_hd.o(.text)
    TIM2_IRQHandler                          0x0800016b   Thumb Code     0  startup_stm32f10x_hd.o(.text)
    TIM3_IRQHandler                          0x0800016b   Thumb Code     0  startup_stm32f10x_hd.o(.text)
    TIM4_IRQHandler                          0x0800016b   Thumb Code     0  startup_stm32f10x_hd.o(.text)
    TIM5_IRQHandler                          0x0800016b   Thumb Code     0  startup_stm32f10x_hd.o(.text)
    TIM6_IRQHandler                          0x0800016b   Thumb Code     0  startup_stm32f10x_hd.o(.text)
    TIM7_IRQHandler                          0x0800016b   Thumb Code     0  startup_stm32f10x_hd.o(.text)
    TIM8_BRK_IRQHandler                      0x0800016b   Thumb Code     0  startup_stm32f10x_hd.o(.text)
    TIM8_CC_IRQHandler                       0x0800016b   Thumb Code     0  startup_stm32f10x_hd.o(.text)
    TIM8_TRG_COM_IRQHandler                  0x0800016b   Thumb Code     0  startup_stm32f10x_hd.o(.text)
    TIM8_UP_IRQHandler                       0x0800016b   Thumb Code     0  startup_stm32f10x_hd.o(.text)
    UART4_IRQHandler                         0x0800016b   Thumb Code     0  startup_stm32f10x_hd.o(.text)
    UART5_IRQHandler                         0x0800016b   Thumb Code     0  startup_stm32f10x_hd.o(.text)
    USART2_IRQHandler                        0x0800016b   Thumb Code     0  startup_stm32f10x_hd.o(.text)
    USART3_IRQHandler                        0x0800016b   Thumb Code     0  startup_stm32f10x_hd.o(.text)
    USBWakeUp_IRQHandler                     0x0800016b   Thumb Code     0  startup_stm32f10x_hd.o(.text)
    USB_HP_CAN1_TX_IRQHandler                0x0800016b   Thumb Code     0  startup_stm32f10x_hd.o(.text)
    WWDG_IRQHandler                          0x0800016b   Thumb Code     0  startup_stm32f10x_hd.o(.text)
    main                                     0x08000179   Thumb Code   212  main.o(.text)
    USART1_IRQHandler                        0x0800025d   Thumb Code    70  stm32f10x_it.o(.text)
    USB_LP_CAN1_RX0_IRQHandler               0x080002a3   Thumb Code     8  stm32f10x_it.o(.text)
    My_GPIO_Init                             0x080002b9   Thumb Code   170  gpio.o(.text)
    USART1_Configuration                     0x08000381   Thumb Code   168  usart.o(.text)
    USART21_Configuration                    0x08000429   Thumb Code   170  usart.o(.text)
    USART22_Configuration                    0x080004d3   Thumb Code   178  usart.o(.text)
    USART3_Configuration                     0x08000585   Thumb Code   176  usart.o(.text)
    USART4_Configuration                     0x08000635   Thumb Code   162  usart.o(.text)
    USART5_Configuration                     0x080006d7   Thumb Code   158  usart.o(.text)
    fputc                                    0x08000775   Thumb Code   402  usart.o(.text)
    Get_RX_4bitData                          0x08000907   Thumb Code    64  usart.o(.text)
    Send_Hex                                 0x08000947   Thumb Code   216  usart.o(.text)
    SeriPush2Bytes                           0x08000a1f   Thumb Code   138  usart.o(.text)
    Print_Show                               0x08000aa9   Thumb Code    38  usart.o(.text)
    delay_Configuration                      0x08000af5   Thumb Code    56  delay.o(.text)
    delay_ms                                 0x08000b2d   Thumb Code    56  delay.o(.text)
    delay_us                                 0x08000b65   Thumb Code    56  delay.o(.text)
    delay_s                                  0x08000b9d   Thumb Code   128  delay.o(.text)
    RCC_Configuration                        0x08000c1d   Thumb Code   114  delay.o(.text)
    SoftReset                                0x08000c8f   Thumb Code    32  delay.o(.text)
    SPI_Configuration                        0x08000cc1   Thumb Code     8  nrf24l01.o(.text)
    SPI_ReadWriteByte                        0x08000cc9   Thumb Code    12  nrf24l01.o(.text)
    NRF24L01_Configuration                   0x08000cd5   Thumb Code   158  nrf24l01.o(.text)
    NRF24L01_Read_Buf                        0x08000d73   Thumb Code    64  nrf24l01.o(.text)
    NRF24L01_Write_Buf                       0x08000db3   Thumb Code    64  nrf24l01.o(.text)
    NRF24L01_Check                           0x08000df3   Thumb Code    68  nrf24l01.o(.text)
    NRF24L01_Write_Reg                       0x08000e37   Thumb Code    44  nrf24l01.o(.text)
    NRF24L01_Read_Reg                        0x08000e63   Thumb Code    42  nrf24l01.o(.text)
    NRF24L01_TxPacket                        0x08000e8d   Thumb Code    98  nrf24l01.o(.text)
    NRF24L01_RxPacket                        0x08000eef   Thumb Code    52  nrf24l01.o(.text)
    RX_Mode                                  0x08000f23   Thumb Code    82  nrf24l01.o(.text)
    TX_Mode                                  0x08000f75   Thumb Code    92  nrf24l01.o(.text)
    SPI1_Configuration                       0x08000fe5   Thumb Code   164  spi.o(.text)
    SPI1_ReadWriteByte                       0x08001089   Thumb Code    50  spi.o(.text)
    SPI2_ReadWriteByte                       0x080010bb   Thumb Code    78  spi.o(.text)
    SPI2_Configuration                       0x08001109   Thumb Code   128  spi.o(.text)
    SPI3_ReadWriteByte                       0x08001189   Thumb Code    78  spi.o(.text)
    SPI3_Configuration                       0x080011d7   Thumb Code   126  spi.o(.text)
    Set_System                               0x08001269   Thumb Code    48  hw_config.o(.text)
    TIM_USB_Configuration                    0x08001299   Thumb Code    82  hw_config.o(.text)
    NVIC_Configuration                       0x080012eb   Thumb Code    36  hw_config.o(.text)
    Set_USBClock                             0x0800130f   Thumb Code    18  hw_config.o(.text)
    GPIO_AINConfig                           0x08001321   Thumb Code    74  hw_config.o(.text)
    Enter_LowPowerMode                       0x0800136b   Thumb Code     2  hw_config.o(.text)
    Leave_LowPowerMode                       0x0800136d   Thumb Code     2  hw_config.o(.text)
    USB_Interrupts_Config                    0x0800136f   Thumb Code    36  hw_config.o(.text)
    USB_Cable_Config                         0x08001393   Thumb Code    30  hw_config.o(.text)
    JoyState                                 0x080013b1   Thumb Code     4  hw_config.o(.text)
    Joystick_Send                            0x080013b5   Thumb Code   130  hw_config.o(.text)
    MPU6050_Mouse                            0x08001437   Thumb Code   172  hw_config.o(.text)
    Get_SerialNum                            0x08001521   Thumb Code    42  hw_config.o(.text)
    USB_Istr                                 0x08001581   Thumb Code   222  usb_istr.o(.text)
    Joystick_init                            0x08001679   Thumb Code    30  usb_prop.o(.text)
    Joystick_Reset                           0x08001697   Thumb Code   148  usb_prop.o(.text)
    Joystick_SetConfiguration                0x0800172b   Thumb Code    14  usb_prop.o(.text)
    Joystick_SetDeviceAddress                0x08001739   Thumb Code     8  usb_prop.o(.text)
    Joystick_Status_In                       0x08001741   Thumb Code     2  usb_prop.o(.text)
    Joystick_Status_Out                      0x08001743   Thumb Code     2  usb_prop.o(.text)
    Joystick_GetProtocolValue                0x08001745   Thumb Code    20  usb_prop.o(.text)
    Joystick_GetHIDDescriptor                0x08001759   Thumb Code    14  usb_prop.o(.text)
    Joystick_GetReportDescriptor             0x08001767   Thumb Code    14  usb_prop.o(.text)
    Joystick_Data_Setup                      0x08001775   Thumb Code   114  usb_prop.o(.text)
    Joystick_SetProtocol                     0x080017e7   Thumb Code    14  usb_prop.o(.text)
    Joystick_NoData_Setup                    0x080017f5   Thumb Code    32  usb_prop.o(.text)
    Joystick_GetDeviceDescriptor             0x08001815   Thumb Code    14  usb_prop.o(.text)
    Joystick_GetConfigDescriptor             0x08001823   Thumb Code    14  usb_prop.o(.text)
    Joystick_GetStringDescriptor             0x08001831   Thumb Code    32  usb_prop.o(.text)
    Joystick_Get_Interface_Setting           0x08001851   Thumb Code    22  usb_prop.o(.text)
    PowerOn                                  0x08001895   Thumb Code    54  usb_pwr.o(.text)
    PowerOff                                 0x080018cb   Thumb Code    28  usb_pwr.o(.text)
    Suspend                                  0x080018e7   Thumb Code    34  usb_pwr.o(.text)
    Resume_Init                              0x08001909   Thumb Code    30  usb_pwr.o(.text)
    Resume                                   0x08001927   Thumb Code   168  usb_pwr.o(.text)
    Standard_GetConfiguration                0x080019dd   Thumb Code    34  usb_core.o(.text)
    Standard_SetConfiguration                0x080019ff   Thumb Code    60  usb_core.o(.text)
    Standard_GetInterface                    0x08001a3b   Thumb Code    34  usb_core.o(.text)
    Standard_SetInterface                    0x08001a5d   Thumb Code    96  usb_core.o(.text)
    Standard_GetStatus                       0x08001abd   Thumb Code   238  usb_core.o(.text)
    Standard_ClearFeature                    0x08001bab   Thumb Code   342  usb_core.o(.text)
    Standard_SetEndPointFeature              0x08001d01   Thumb Code   220  usb_core.o(.text)
    Standard_SetDeviceFeature                0x08001ddd   Thumb Code    30  usb_core.o(.text)
    Standard_GetDescriptorData               0x08001dfb   Thumb Code    32  usb_core.o(.text)
    Post0_Process                            0x0800233b   Thumb Code    54  usb_core.o(.text)
    Setup0_Process                           0x08002371   Thumb Code   170  usb_core.o(.text)
    SetDeviceAddress                         0x0800241b   Thumb Code    70  usb_core.o(.text)
    In0_Process                              0x08002461   Thumb Code    98  usb_core.o(.text)
    Out0_Process                             0x080024c3   Thumb Code    70  usb_core.o(.text)
    NOP_Process                              0x08002509   Thumb Code     2  usb_core.o(.text)
    USB_Init                                 0x08002539   Thumb Code    36  usb_init.o(.text)
    CTR_LP                                   0x08002575   Thumb Code   616  usb_int.o(.text)
    CTR_HP                                   0x080027dd   Thumb Code   178  usb_int.o(.text)
    UserToPMABufferCopy                      0x080028b1   Thumb Code    52  usb_mem.o(.text)
    PMAToUserBufferCopy                      0x080028e5   Thumb Code    34  usb_mem.o(.text)
    SetCNTR                                  0x0800290d   Thumb Code     6  usb_regs.o(.text)
    GetCNTR                                  0x08002913   Thumb Code     8  usb_regs.o(.text)
    SetISTR                                  0x0800291b   Thumb Code     8  usb_regs.o(.text)
    GetISTR                                  0x08002923   Thumb Code    10  usb_regs.o(.text)
    GetFNR                                   0x0800292d   Thumb Code    10  usb_regs.o(.text)
    SetDADDR                                 0x08002937   Thumb Code     8  usb_regs.o(.text)
    GetDADDR                                 0x0800293f   Thumb Code    10  usb_regs.o(.text)
    SetBTABLE                                0x08002949   Thumb Code    14  usb_regs.o(.text)
    GetBTABLE                                0x08002957   Thumb Code    10  usb_regs.o(.text)
    SetENDPOINT                              0x08002961   Thumb Code    12  usb_regs.o(.text)
    GetENDPOINT                              0x0800296d   Thumb Code    16  usb_regs.o(.text)
    SetEPType                                0x0800297d   Thumb Code    32  usb_regs.o(.text)
    GetEPType                                0x0800299d   Thumb Code    18  usb_regs.o(.text)
    SetEPTxStatus                            0x080029af   Thumb Code    60  usb_regs.o(.text)
    SetEPRxStatus                            0x080029eb   Thumb Code    60  usb_regs.o(.text)
    SetDouBleBuffEPStall                     0x08002a27   Thumb Code    54  usb_regs.o(.text)
    GetEPTxStatus                            0x08002a5d   Thumb Code    18  usb_regs.o(.text)
    GetEPRxStatus                            0x08002a6f   Thumb Code    18  usb_regs.o(.text)
    SetEPTxValid                             0x08002a81   Thumb Code    48  usb_regs.o(.text)
    SetEPRxValid                             0x08002ab1   Thumb Code    48  usb_regs.o(.text)
    SetEP_KIND                               0x08002ae1   Thumb Code    38  usb_regs.o(.text)
    ClearEP_KIND                             0x08002b07   Thumb Code    34  usb_regs.o(.text)
    Clear_Status_Out                         0x08002b29   Thumb Code    34  usb_regs.o(.text)
    Set_Status_Out                           0x08002b4b   Thumb Code    38  usb_regs.o(.text)
    SetEPDoubleBuff                          0x08002b71   Thumb Code    38  usb_regs.o(.text)
    ClearEPDoubleBuff                        0x08002b97   Thumb Code    34  usb_regs.o(.text)
    GetTxStallStatus                         0x08002bb9   Thumb Code    28  usb_regs.o(.text)
    GetRxStallStatus                         0x08002bd5   Thumb Code    30  usb_regs.o(.text)
    ClearEP_CTR_RX                           0x08002bf3   Thumb Code    32  usb_regs.o(.text)
    ClearEP_CTR_TX                           0x08002c13   Thumb Code    28  usb_regs.o(.text)
    ToggleDTOG_RX                            0x08002c2f   Thumb Code    34  usb_regs.o(.text)
    ToggleDTOG_TX                            0x08002c51   Thumb Code    34  usb_regs.o(.text)
    ClearDTOG_RX                             0x08002c73   Thumb Code    48  usb_regs.o(.text)
    ClearDTOG_TX                             0x08002ca3   Thumb Code    48  usb_regs.o(.text)
    SetEPAddress                             0x08002cd3   Thumb Code    46  usb_regs.o(.text)
    GetEPAddress                             0x08002d01   Thumb Code    18  usb_regs.o(.text)
    SetEPTxAddr                              0x08002d13   Thumb Code    24  usb_regs.o(.text)
    SetEPRxAddr                              0x08002d2b   Thumb Code    26  usb_regs.o(.text)
    GetEPTxAddr                              0x08002d45   Thumb Code    22  usb_regs.o(.text)
    GetEPRxAddr                              0x08002d5b   Thumb Code    24  usb_regs.o(.text)
    SetEPTxCount                             0x08002d73   Thumb Code    20  usb_regs.o(.text)
    SetEPCountRxReg                          0x08002d87   Thumb Code    48  usb_regs.o(.text)
    SetEPRxCount                             0x08002db7   Thumb Code    68  usb_regs.o(.text)
    GetEPTxCount                             0x08002dfb   Thumb Code    26  usb_regs.o(.text)
    GetEPRxCount                             0x08002e15   Thumb Code    26  usb_regs.o(.text)
    SetEPDblBuffAddr                         0x08002e2f   Thumb Code    44  usb_regs.o(.text)
    SetEPDblBuf0Addr                         0x08002e5b   Thumb Code    24  usb_regs.o(.text)
    SetEPDblBuf1Addr                         0x08002e73   Thumb Code    26  usb_regs.o(.text)
    GetEPDblBuf0Addr                         0x08002e8d   Thumb Code    22  usb_regs.o(.text)
    GetEPDblBuf1Addr                         0x08002ea3   Thumb Code    24  usb_regs.o(.text)
    SetEPDblBuffCount                        0x08002ebb   Thumb Code   186  usb_regs.o(.text)
    SetEPDblBuf0Count                        0x08002f75   Thumb Code    96  usb_regs.o(.text)
    SetEPDblBuf1Count                        0x08002fd5   Thumb Code    96  usb_regs.o(.text)
    GetEPDblBuf0Count                        0x08003035   Thumb Code    26  usb_regs.o(.text)
    GetEPDblBuf1Count                        0x0800304f   Thumb Code    26  usb_regs.o(.text)
    GetEPDblBufDir                           0x08003069   Thumb Code    62  usb_regs.o(.text)
    FreeUserBuffer                           0x080030a7   Thumb Code    90  usb_regs.o(.text)
    ToWord                                   0x08003101   Thumb Code     8  usb_regs.o(.text)
    ByteSwap                                 0x08003109   Thumb Code    12  usb_regs.o(.text)
    USB_SIL_Init                             0x08003115   Thumb Code    28  usb_sil.o(.text)
    USB_SIL_Write                            0x08003131   Thumb Code    46  usb_sil.o(.text)
    USB_SIL_Read                             0x0800315f   Thumb Code    46  usb_sil.o(.text)
    NVIC_PriorityGroupConfig                 0x08003195   Thumb Code    10  misc.o(.text)
    NVIC_Init                                0x0800319f   Thumb Code   102  misc.o(.text)
    NVIC_SetVectorTable                      0x08003205   Thumb Code    14  misc.o(.text)
    NVIC_SystemLPConfig                      0x08003213   Thumb Code    34  misc.o(.text)
    SysTick_CLKSourceConfig                  0x08003235   Thumb Code    40  misc.o(.text)
    FLASH_SetLatency                         0x08003271   Thumb Code    18  stm32f10x_flash.o(.text)
    FLASH_HalfCycleAccessCmd                 0x08003283   Thumb Code    22  stm32f10x_flash.o(.text)
    FLASH_PrefetchBufferCmd                  0x08003299   Thumb Code    22  stm32f10x_flash.o(.text)
    FLASH_Unlock                             0x080032af   Thumb Code    12  stm32f10x_flash.o(.text)
    FLASH_Lock                               0x080032bb   Thumb Code    14  stm32f10x_flash.o(.text)
    FLASH_GetStatus                          0x080032c9   Thumb Code    48  stm32f10x_flash.o(.text)
    FLASH_WaitForLastOperation               0x08003313   Thumb Code    42  stm32f10x_flash.o(.text)
    FLASH_ErasePage                          0x0800333d   Thumb Code    76  stm32f10x_flash.o(.text)
    FLASH_EraseAllPages                      0x08003389   Thumb Code    72  stm32f10x_flash.o(.text)
    FLASH_EraseOptionBytes                   0x080033d1   Thumb Code   142  stm32f10x_flash.o(.text)
    FLASH_ProgramWord                        0x0800345f   Thumb Code   100  stm32f10x_flash.o(.text)
    FLASH_ProgramHalfWord                    0x080034c3   Thumb Code    64  stm32f10x_flash.o(.text)
    FLASH_ProgramOptionByteData              0x08003503   Thumb Code    72  stm32f10x_flash.o(.text)
    FLASH_EnableWriteProtection              0x0800354b   Thumb Code   182  stm32f10x_flash.o(.text)
    FLASH_ReadOutProtection                  0x08003601   Thumb Code   174  stm32f10x_flash.o(.text)
    FLASH_UserOptionByteConfig               0x080036af   Thumb Code    94  stm32f10x_flash.o(.text)
    FLASH_GetUserOptionByte                  0x0800370d   Thumb Code     8  stm32f10x_flash.o(.text)
    FLASH_GetWriteProtectionOptionByte       0x08003715   Thumb Code     6  stm32f10x_flash.o(.text)
    FLASH_GetReadOutProtectionStatus         0x0800371b   Thumb Code    20  stm32f10x_flash.o(.text)
    FLASH_GetPrefetchBufferStatus            0x0800372f   Thumb Code    20  stm32f10x_flash.o(.text)
    FLASH_ITConfig                           0x08003743   Thumb Code    26  stm32f10x_flash.o(.text)
    FLASH_GetFlagStatus                      0x0800375d   Thumb Code    42  stm32f10x_flash.o(.text)
    FLASH_ClearFlag                          0x08003787   Thumb Code     6  stm32f10x_flash.o(.text)
    GPIO_DeInit                              0x0800379d   Thumb Code   188  stm32f10x_gpio.o(.text)
    GPIO_AFIODeInit                          0x08003859   Thumb Code    20  stm32f10x_gpio.o(.text)
    GPIO_Init                                0x0800386d   Thumb Code   274  stm32f10x_gpio.o(.text)
    GPIO_StructInit                          0x0800397f   Thumb Code    16  stm32f10x_gpio.o(.text)
    GPIO_ReadInputDataBit                    0x0800398f   Thumb Code    18  stm32f10x_gpio.o(.text)
    GPIO_ReadInputData                       0x080039a1   Thumb Code     8  stm32f10x_gpio.o(.text)
    GPIO_ReadOutputDataBit                   0x080039a9   Thumb Code    18  stm32f10x_gpio.o(.text)
    GPIO_ReadOutputData                      0x080039bb   Thumb Code     8  stm32f10x_gpio.o(.text)
    GPIO_SetBits                             0x080039c3   Thumb Code     4  stm32f10x_gpio.o(.text)
    GPIO_ResetBits                           0x080039c7   Thumb Code     4  stm32f10x_gpio.o(.text)
    GPIO_WriteBit                            0x080039cb   Thumb Code    10  stm32f10x_gpio.o(.text)
    GPIO_Write                               0x080039d5   Thumb Code     4  stm32f10x_gpio.o(.text)
    GPIO_PinLockConfig                       0x080039d9   Thumb Code    18  stm32f10x_gpio.o(.text)
    GPIO_EventOutputConfig                   0x080039eb   Thumb Code    26  stm32f10x_gpio.o(.text)
    GPIO_EventOutputCmd                      0x08003a05   Thumb Code     6  stm32f10x_gpio.o(.text)
    GPIO_PinRemapConfig                      0x08003a0b   Thumb Code   106  stm32f10x_gpio.o(.text)
    GPIO_EXTILineConfig                      0x08003a75   Thumb Code    66  stm32f10x_gpio.o(.text)
    RCC_DeInit                               0x08003ac9   Thumb Code    62  stm32f10x_rcc.o(.text)
    RCC_HSEConfig                            0x08003b07   Thumb Code    70  stm32f10x_rcc.o(.text)
    RCC_GetFlagStatus                        0x08003b4d   Thumb Code    56  stm32f10x_rcc.o(.text)
    RCC_WaitForHSEStartUp                    0x08003b85   Thumb Code    54  stm32f10x_rcc.o(.text)
    RCC_AdjustHSICalibrationValue            0x08003bbb   Thumb Code    20  stm32f10x_rcc.o(.text)
    RCC_HSICmd                               0x08003bcf   Thumb Code     6  stm32f10x_rcc.o(.text)
    RCC_PLLConfig                            0x08003bd5   Thumb Code    24  stm32f10x_rcc.o(.text)
    RCC_PLLCmd                               0x08003bed   Thumb Code     6  stm32f10x_rcc.o(.text)
    RCC_SYSCLKConfig                         0x08003bf3   Thumb Code    18  stm32f10x_rcc.o(.text)
    RCC_GetSYSCLKSource                      0x08003c05   Thumb Code    10  stm32f10x_rcc.o(.text)
    RCC_HCLKConfig                           0x08003c0f   Thumb Code    18  stm32f10x_rcc.o(.text)
    RCC_PCLK1Config                          0x08003c21   Thumb Code    18  stm32f10x_rcc.o(.text)
    RCC_PCLK2Config                          0x08003c33   Thumb Code    20  stm32f10x_rcc.o(.text)
    RCC_ITConfig                             0x08003c47   Thumb Code    26  stm32f10x_rcc.o(.text)
    RCC_USBCLKConfig                         0x08003c61   Thumb Code     6  stm32f10x_rcc.o(.text)
    RCC_ADCCLKConfig                         0x08003c67   Thumb Code    18  stm32f10x_rcc.o(.text)
    RCC_LSEConfig                            0x08003c79   Thumb Code    44  stm32f10x_rcc.o(.text)
    RCC_LSICmd                               0x08003ca5   Thumb Code     6  stm32f10x_rcc.o(.text)
    RCC_RTCCLKConfig                         0x08003cab   Thumb Code    12  stm32f10x_rcc.o(.text)
    RCC_RTCCLKCmd                            0x08003cb7   Thumb Code     8  stm32f10x_rcc.o(.text)
    RCC_GetClocksFreq                        0x08003cbf   Thumb Code   192  stm32f10x_rcc.o(.text)
    RCC_AHBPeriphClockCmd                    0x08003d7f   Thumb Code    26  stm32f10x_rcc.o(.text)
    RCC_APB2PeriphClockCmd                   0x08003d99   Thumb Code    26  stm32f10x_rcc.o(.text)
    RCC_APB1PeriphClockCmd                   0x08003db3   Thumb Code    26  stm32f10x_rcc.o(.text)
    RCC_APB2PeriphResetCmd                   0x08003dcd   Thumb Code    26  stm32f10x_rcc.o(.text)
    RCC_APB1PeriphResetCmd                   0x08003de7   Thumb Code    26  stm32f10x_rcc.o(.text)
    RCC_BackupResetCmd                       0x08003e01   Thumb Code     8  stm32f10x_rcc.o(.text)
    RCC_ClockSecuritySystemCmd               0x08003e09   Thumb Code     6  stm32f10x_rcc.o(.text)
    RCC_MCOConfig                            0x08003e0f   Thumb Code     6  stm32f10x_rcc.o(.text)
    RCC_ClearFlag                            0x08003e15   Thumb Code    14  stm32f10x_rcc.o(.text)
    RCC_GetITStatus                          0x08003e23   Thumb Code    20  stm32f10x_rcc.o(.text)
    RCC_ClearITPendingBit                    0x08003e37   Thumb Code     6  stm32f10x_rcc.o(.text)
    SPI_I2S_DeInit                           0x08003e69   Thumb Code    88  stm32f10x_spi.o(.text)
    SPI_Init                                 0x08003ec1   Thumb Code    60  stm32f10x_spi.o(.text)
    I2S_Init                                 0x08003efd   Thumb Code   210  stm32f10x_spi.o(.text)
    SPI_StructInit                           0x08003fcf   Thumb Code    24  stm32f10x_spi.o(.text)
    I2S_StructInit                           0x08003fe7   Thumb Code    20  stm32f10x_spi.o(.text)
    SPI_Cmd                                  0x08003ffb   Thumb Code    24  stm32f10x_spi.o(.text)
    I2S_Cmd                                  0x08004013   Thumb Code    24  stm32f10x_spi.o(.text)
    SPI_I2S_ITConfig                         0x0800402b   Thumb Code    32  stm32f10x_spi.o(.text)
    SPI_I2S_DMACmd                           0x0800404b   Thumb Code    18  stm32f10x_spi.o(.text)
    SPI_I2S_SendData                         0x0800405d   Thumb Code     4  stm32f10x_spi.o(.text)
    SPI_I2S_ReceiveData                      0x08004061   Thumb Code     6  stm32f10x_spi.o(.text)
    SPI_NSSInternalSoftwareConfig            0x08004067   Thumb Code    30  stm32f10x_spi.o(.text)
    SPI_SSOutputCmd                          0x08004085   Thumb Code    24  stm32f10x_spi.o(.text)
    SPI_DataSizeConfig                       0x0800409d   Thumb Code    18  stm32f10x_spi.o(.text)
    SPI_TransmitCRC                          0x080040af   Thumb Code    10  stm32f10x_spi.o(.text)
    SPI_CalculateCRC                         0x080040b9   Thumb Code    24  stm32f10x_spi.o(.text)
    SPI_GetCRC                               0x080040d1   Thumb Code    16  stm32f10x_spi.o(.text)
    SPI_GetCRCPolynomial                     0x080040e1   Thumb Code     6  stm32f10x_spi.o(.text)
    SPI_BiDirectionalLineConfig              0x080040e7   Thumb Code    28  stm32f10x_spi.o(.text)
    SPI_I2S_GetFlagStatus                    0x08004103   Thumb Code    18  stm32f10x_spi.o(.text)
    SPI_I2S_ClearFlag                        0x08004115   Thumb Code     6  stm32f10x_spi.o(.text)
    SPI_I2S_GetITStatus                      0x0800411b   Thumb Code    52  stm32f10x_spi.o(.text)
    SPI_I2S_ClearITPendingBit                0x0800414f   Thumb Code    20  stm32f10x_spi.o(.text)
    TIM_DeInit                               0x08004169   Thumb Code   214  stm32f10x_tim.o(.text)
    TIM_TimeBaseInit                         0x0800423f   Thumb Code    50  stm32f10x_tim.o(.text)
    TIM_OC1Init                              0x08004271   Thumb Code   110  stm32f10x_tim.o(.text)
    TIM_OC2Init                              0x080042df   Thumb Code   148  stm32f10x_tim.o(.text)
    TIM_OC3Init                              0x08004373   Thumb Code   144  stm32f10x_tim.o(.text)
    TIM_OC4Init                              0x08004403   Thumb Code   106  stm32f10x_tim.o(.text)
    TIM_SetIC4Prescaler                      0x0800446d   Thumb Code    26  stm32f10x_tim.o(.text)
    TIM_SetIC3Prescaler                      0x080044d9   Thumb Code    18  stm32f10x_tim.o(.text)
    TIM_SetIC2Prescaler                      0x08004533   Thumb Code    42  stm32f10x_tim.o(.text)
    TIM_SetIC1Prescaler                      0x080045ad   Thumb Code    18  stm32f10x_tim.o(.text)
    TIM_ICInit                               0x080045f7   Thumb Code   110  stm32f10x_tim.o(.text)
    TIM_PWMIConfig                           0x08004665   Thumb Code   124  stm32f10x_tim.o(.text)
    TIM_BDTRConfig                           0x080046e1   Thumb Code    32  stm32f10x_tim.o(.text)
    TIM_TimeBaseStructInit                   0x08004701   Thumb Code    18  stm32f10x_tim.o(.text)
    TIM_OCStructInit                         0x08004713   Thumb Code    20  stm32f10x_tim.o(.text)
    TIM_ICStructInit                         0x08004727   Thumb Code    18  stm32f10x_tim.o(.text)
    TIM_BDTRStructInit                       0x08004739   Thumb Code    18  stm32f10x_tim.o(.text)
    TIM_Cmd                                  0x0800474b   Thumb Code    24  stm32f10x_tim.o(.text)
    TIM_CtrlPWMOutputs                       0x08004763   Thumb Code    30  stm32f10x_tim.o(.text)
    TIM_ITConfig                             0x08004781   Thumb Code    18  stm32f10x_tim.o(.text)
    TIM_GenerateEvent                        0x08004793   Thumb Code     4  stm32f10x_tim.o(.text)
    TIM_DMAConfig                            0x08004797   Thumb Code    10  stm32f10x_tim.o(.text)
    TIM_DMACmd                               0x080047a1   Thumb Code    18  stm32f10x_tim.o(.text)
    TIM_InternalClockConfig                  0x080047b3   Thumb Code    12  stm32f10x_tim.o(.text)
    TIM_SelectInputTrigger                   0x080047bf   Thumb Code    18  stm32f10x_tim.o(.text)
    TIM_ITRxExternalClockConfig              0x080047d1   Thumb Code    24  stm32f10x_tim.o(.text)
    TIM_TIxExternalClockConfig               0x080047e9   Thumb Code    62  stm32f10x_tim.o(.text)
    TIM_ETRConfig                            0x08004827   Thumb Code    30  stm32f10x_tim.o(.text)
    TIM_ETRClockMode1Config                  0x08004845   Thumb Code    54  stm32f10x_tim.o(.text)
    TIM_ETRClockMode2Config                  0x0800487b   Thumb Code    32  stm32f10x_tim.o(.text)
    TIM_PrescalerConfig                      0x0800489b   Thumb Code     6  stm32f10x_tim.o(.text)
    TIM_CounterModeConfig                    0x080048a1   Thumb Code    18  stm32f10x_tim.o(.text)
    TIM_EncoderInterfaceConfig               0x080048b3   Thumb Code    66  stm32f10x_tim.o(.text)
    TIM_ForcedOC1Config                      0x080048f5   Thumb Code    18  stm32f10x_tim.o(.text)
    TIM_ForcedOC2Config                      0x08004907   Thumb Code    26  stm32f10x_tim.o(.text)
    TIM_ForcedOC3Config                      0x08004921   Thumb Code    18  stm32f10x_tim.o(.text)
    TIM_ForcedOC4Config                      0x08004933   Thumb Code    26  stm32f10x_tim.o(.text)
    TIM_ARRPreloadConfig                     0x0800494d   Thumb Code    24  stm32f10x_tim.o(.text)
    TIM_SelectCOM                            0x08004965   Thumb Code    24  stm32f10x_tim.o(.text)
    TIM_SelectCCDMA                          0x0800497d   Thumb Code    24  stm32f10x_tim.o(.text)
    TIM_CCPreloadControl                     0x08004995   Thumb Code    24  stm32f10x_tim.o(.text)
    TIM_OC1PreloadConfig                     0x080049ad   Thumb Code    18  stm32f10x_tim.o(.text)
    TIM_OC2PreloadConfig                     0x080049bf   Thumb Code    26  stm32f10x_tim.o(.text)
    TIM_OC3PreloadConfig                     0x080049d9   Thumb Code    18  stm32f10x_tim.o(.text)
    TIM_OC4PreloadConfig                     0x080049eb   Thumb Code    26  stm32f10x_tim.o(.text)
    TIM_OC1FastConfig                        0x08004a05   Thumb Code    18  stm32f10x_tim.o(.text)
    TIM_OC2FastConfig                        0x08004a17   Thumb Code    26  stm32f10x_tim.o(.text)
    TIM_OC3FastConfig                        0x08004a31   Thumb Code    18  stm32f10x_tim.o(.text)
    TIM_OC4FastConfig                        0x08004a43   Thumb Code    26  stm32f10x_tim.o(.text)
    TIM_ClearOC1Ref                          0x08004a5d   Thumb Code    18  stm32f10x_tim.o(.text)
    TIM_ClearOC2Ref                          0x08004a6f   Thumb Code    24  stm32f10x_tim.o(.text)
    TIM_ClearOC3Ref                          0x08004a87   Thumb Code    18  stm32f10x_tim.o(.text)
    TIM_ClearOC4Ref                          0x08004a99   Thumb Code    24  stm32f10x_tim.o(.text)
    TIM_OC1PolarityConfig                    0x08004ab1   Thumb Code    18  stm32f10x_tim.o(.text)
    TIM_OC1NPolarityConfig                   0x08004ac3   Thumb Code    18  stm32f10x_tim.o(.text)
    TIM_OC2PolarityConfig                    0x08004ad5   Thumb Code    26  stm32f10x_tim.o(.text)
    TIM_OC2NPolarityConfig                   0x08004aef   Thumb Code    26  stm32f10x_tim.o(.text)
    TIM_OC3PolarityConfig                    0x08004b09   Thumb Code    26  stm32f10x_tim.o(.text)
    TIM_OC3NPolarityConfig                   0x08004b23   Thumb Code    26  stm32f10x_tim.o(.text)
    TIM_OC4PolarityConfig                    0x08004b3d   Thumb Code    26  stm32f10x_tim.o(.text)
    TIM_CCxCmd                               0x08004b57   Thumb Code    26  stm32f10x_tim.o(.text)
    TIM_CCxNCmd                              0x08004b71   Thumb Code    26  stm32f10x_tim.o(.text)
    TIM_SelectOCxM                           0x08004b8b   Thumb Code   134  stm32f10x_tim.o(.text)
    TIM_UpdateDisableConfig                  0x08004c11   Thumb Code    24  stm32f10x_tim.o(.text)
    TIM_UpdateRequestConfig                  0x08004c29   Thumb Code    24  stm32f10x_tim.o(.text)
    TIM_SelectHallSensor                     0x08004c41   Thumb Code    24  stm32f10x_tim.o(.text)
    TIM_SelectOnePulseMode                   0x08004c59   Thumb Code    18  stm32f10x_tim.o(.text)
    TIM_SelectOutputTrigger                  0x08004c6b   Thumb Code    18  stm32f10x_tim.o(.text)
    TIM_SelectSlaveMode                      0x08004c7d   Thumb Code    18  stm32f10x_tim.o(.text)
    TIM_SelectMasterSlaveMode                0x08004c8f   Thumb Code    18  stm32f10x_tim.o(.text)
    TIM_SetCounter                           0x08004ca1   Thumb Code     4  stm32f10x_tim.o(.text)
    TIM_SetAutoreload                        0x08004ca5   Thumb Code     4  stm32f10x_tim.o(.text)
    TIM_SetCompare1                          0x08004ca9   Thumb Code     4  stm32f10x_tim.o(.text)
    TIM_SetCompare2                          0x08004cad   Thumb Code     4  stm32f10x_tim.o(.text)
    TIM_SetCompare3                          0x08004cb1   Thumb Code     4  stm32f10x_tim.o(.text)
    TIM_SetCompare4                          0x08004cb5   Thumb Code     6  stm32f10x_tim.o(.text)
    TIM_SetClockDivision                     0x08004cbb   Thumb Code    14  stm32f10x_tim.o(.text)
    TIM_GetCapture1                          0x08004cc9   Thumb Code     6  stm32f10x_tim.o(.text)
    TIM_GetCapture2                          0x08004ccf   Thumb Code     6  stm32f10x_tim.o(.text)
    TIM_GetCapture3                          0x08004cd5   Thumb Code     6  stm32f10x_tim.o(.text)
    TIM_GetCapture4                          0x08004cdb   Thumb Code     8  stm32f10x_tim.o(.text)
    TIM_GetCounter                           0x08004ce3   Thumb Code     6  stm32f10x_tim.o(.text)
    TIM_GetPrescaler                         0x08004ce9   Thumb Code     6  stm32f10x_tim.o(.text)
    TIM_GetFlagStatus                        0x08004cef   Thumb Code    18  stm32f10x_tim.o(.text)
    TIM_ClearFlag                            0x08004d01   Thumb Code     6  stm32f10x_tim.o(.text)
    TIM_GetITStatus                          0x08004d07   Thumb Code    34  stm32f10x_tim.o(.text)
    TIM_ClearITPendingBit                    0x08004d29   Thumb Code     6  stm32f10x_tim.o(.text)
    USART_DeInit                             0x08004d31   Thumb Code   146  stm32f10x_usart.o(.text)
    USART_Init                               0x08004dc3   Thumb Code   150  stm32f10x_usart.o(.text)
    USART_StructInit                         0x08004e59   Thumb Code    24  stm32f10x_usart.o(.text)
    USART_ClockInit                          0x08004e71   Thumb Code    34  stm32f10x_usart.o(.text)
    USART_ClockStructInit                    0x08004e93   Thumb Code    12  stm32f10x_usart.o(.text)
    USART_Cmd                                0x08004e9f   Thumb Code    24  stm32f10x_usart.o(.text)
    USART_ITConfig                           0x08004eb7   Thumb Code    64  stm32f10x_usart.o(.text)
    USART_DMACmd                             0x08004ef7   Thumb Code    18  stm32f10x_usart.o(.text)
    USART_SetAddress                         0x08004f09   Thumb Code    18  stm32f10x_usart.o(.text)
    USART_WakeUpConfig                       0x08004f1b   Thumb Code    18  stm32f10x_usart.o(.text)
    USART_ReceiverWakeUpCmd                  0x08004f2d   Thumb Code    24  stm32f10x_usart.o(.text)
    USART_LINBreakDetectLengthConfig         0x08004f45   Thumb Code    18  stm32f10x_usart.o(.text)
    USART_LINCmd                             0x08004f57   Thumb Code    24  stm32f10x_usart.o(.text)
    USART_SendData                           0x08004f6f   Thumb Code     8  stm32f10x_usart.o(.text)
    USART_ReceiveData                        0x08004f77   Thumb Code    10  stm32f10x_usart.o(.text)
    USART_SendBreak                          0x08004f81   Thumb Code    10  stm32f10x_usart.o(.text)
    USART_SetGuardTime                       0x08004f8b   Thumb Code    16  stm32f10x_usart.o(.text)
    USART_SetPrescaler                       0x08004f9b   Thumb Code    16  stm32f10x_usart.o(.text)
    USART_SmartCardCmd                       0x08004fab   Thumb Code    24  stm32f10x_usart.o(.text)
    USART_SmartCardNACKCmd                   0x08004fc3   Thumb Code    24  stm32f10x_usart.o(.text)
    USART_HalfDuplexCmd                      0x08004fdb   Thumb Code    24  stm32f10x_usart.o(.text)
    USART_IrDAConfig                         0x08004ff3   Thumb Code    18  stm32f10x_usart.o(.text)
    USART_IrDACmd                            0x08005005   Thumb Code    24  stm32f10x_usart.o(.text)
    USART_GetFlagStatus                      0x0800501d   Thumb Code    18  stm32f10x_usart.o(.text)
    USART_ClearFlag                          0x0800502f   Thumb Code     6  stm32f10x_usart.o(.text)
    USART_GetITStatus                        0x08005035   Thumb Code    76  stm32f10x_usart.o(.text)
    USART_ClearITPendingBit                  0x08005081   Thumb Code    20  stm32f10x_usart.o(.text)
    __scatterload                            0x080050a1   Thumb Code    28  init.o(.text)
    __scatterload_rt2                        0x080050a1   Thumb Code     0  init.o(.text)
    __decompress                             0x080050c5   Thumb Code     0  __dczerorl2.o(.text)
    __decompress1                            0x080050c5   Thumb Code    86  __dczerorl2.o(.text)
    __0printf$bare                           0x0800511d   Thumb Code     8  printfb.o(i.__0printf$bare)
    __1printf$bare                           0x0800511d   Thumb Code     0  printfb.o(i.__0printf$bare)
    __2printf                                0x0800511d   Thumb Code     0  printfb.o(i.__0printf$bare)
    __scatterload_copy                       0x0800512d   Thumb Code    14  handlers.o(i.__scatterload_copy)
    __scatterload_null                       0x0800513b   Thumb Code     2  handlers.o(i.__scatterload_null)
    __scatterload_zeroinit                   0x0800513d   Thumb Code    14  handlers.o(i.__scatterload_zeroinit)
    TX_ADDRESS                               0x0800516c   Data           5  nrf24l01.o(.constdata)
    RX_ADDRESS                               0x08005171   Data           5  nrf24l01.o(.constdata)
    Joystick_DeviceDescriptor                0x08005176   Data          18  usb_desc.o(.constdata)
    Joystick_ConfigDescriptor                0x08005188   Data          34  usb_desc.o(.constdata)
    Joystick_ReportDescriptor                0x080051aa   Data          74  usb_desc.o(.constdata)
    Joystick_StringLangID                    0x080051f4   Data           4  usb_desc.o(.constdata)
    Joystick_StringVendor                    0x080051f8   Data          34  usb_desc.o(.constdata)
    Joystick_StringProduct                   0x0800521a   Data          70  usb_desc.o(.constdata)
    Region$$Table$$Base                      0x08005260   Number         0  anon$$obj.o(Region$$Table)
    Region$$Table$$Limit                     0x08005280   Number         0  anon$$obj.o(Region$$Table)
    USART_mark                               0x20000000   Data           1  main.o(.data)
    Press_mark                               0x20000001   Data           1  main.o(.data)
    USART_control                            0x20000004   Data           4  main.o(.data)
    USART_data                               0x20000008   Data           4  main.o(.data)
    GYRO_AVG_X                               0x2000000c   Data           4  main.o(.data)
    GYRO_AVG_Y                               0x20000010   Data           4  main.o(.data)
    GYRO_AVG_Z                               0x20000014   Data           4  main.o(.data)
    X24                                      0x20000018   Data           4  main.o(.data)
    Y24                                      0x2000001c   Data           4  main.o(.data)
    USARTx_MARK                              0x20000020   Data           1  usart.o(.data)
    Joystick_StringSerial                    0x20000026   Data          28  usb_desc.o(.data)
    wIstr                                    0x20000044   Data           2  usb_istr.o(.data)
    bIntPackSOF                              0x20000046   Data           1  usb_istr.o(.data)
    pEpInt_IN                                0x20000048   Data          28  usb_istr.o(.data)
    pEpInt_OUT                               0x20000064   Data          28  usb_istr.o(.data)
    ProtocolValue                            0x20000080   Data           4  usb_prop.o(.data)
    Device_Table                             0x20000084   Data           2  usb_prop.o(.data)
    Device_Property                          0x20000088   Data          48  usb_prop.o(.data)
    User_Standard_Requests                   0x200000b8   Data          36  usb_prop.o(.data)
    Device_Descriptor                        0x200000dc   Data           8  usb_prop.o(.data)
    Config_Descriptor                        0x200000e4   Data           8  usb_prop.o(.data)
    Joystick_Report_Descriptor               0x200000ec   Data           8  usb_prop.o(.data)
    Mouse_Hid_Descriptor                     0x200000f4   Data           8  usb_prop.o(.data)
    String_Descriptor                        0x200000fc   Data          32  usb_prop.o(.data)
    bDeviceState                             0x2000011c   Data           4  usb_pwr.o(.data)
    fSuspendEnabled                          0x20000120   Data           1  usb_pwr.o(.data)
    ResumeS                                  0x20000121   Data           2  usb_pwr.o(.data)
    StatusInfo                               0x20000124   Data           2  usb_core.o(.data)
    Data_Mul_MaxPacketSize                   0x20000126   Data           1  usb_core.o(.data)
    EPindex                                  0x20000128   Data           1  usb_init.o(.data)
    pInformation                             0x2000012c   Data           4  usb_init.o(.data)
    pProperty                                0x20000130   Data           4  usb_init.o(.data)
    SaveState                                0x20000134   Data           2  usb_init.o(.data)
    wInterrupt_Mask                          0x20000136   Data           2  usb_init.o(.data)
    pUser_Standard_Requests                  0x20000138   Data           4  usb_init.o(.data)
    SaveRState                               0x2000013c   Data           2  usb_int.o(.data)
    SaveTState                               0x2000013e   Data           2  usb_int.o(.data)
    __stdout                                 0x20000154   Data           4  stdout.o(.data)
    USART_RX                                 0x20000158   Data          60  main.o(.bss)
    TXbag                                    0x20000194   Data          16  main.o(.bss)
    RXbag                                    0x200001a4   Data          16  main.o(.bss)
    Device_Info                              0x200001b4   Data          28  usb_init.o(.bss)
    __initial_sp                             0x200003d0   Data           0  startup_stm32f10x_hd.o(STACK)



==============================================================================

Memory Map of the image

  Image Entry point : 0x08000131

  Load Region LR_IROM1 (Base: 0x08000000, Size: 0x000053d8, Max: 0x00040000, ABSOLUTE, COMPRESSED[0x00005314])

    Execution Region ER_IROM1 (Exec base: 0x08000000, Load base: 0x08000000, Size: 0x00005280, Max: 0x00040000, ABSOLUTE)

    Exec Addr    Load Addr    Size         Type   Attr      Idx    E Section Name        Object

    0x08000000   0x08000000   0x00000130   Data   RO           94    RESET               startup_stm32f10x_hd.o
    0x08000130   0x08000130   0x00000000   Code   RO          781  * .ARM.Collect$$$$00000000  mc_w.l(entry.o)
    0x08000130   0x08000130   0x00000004   Code   RO         1044    .ARM.Collect$$$$00000001  mc_w.l(entry2.o)
    0x08000134   0x08000134   0x00000004   Code   RO         1047    .ARM.Collect$$$$00000004  mc_w.l(entry5.o)
    0x08000138   0x08000138   0x00000000   Code   RO         1049    .ARM.Collect$$$$00000008  mc_w.l(entry7b.o)
    0x08000138   0x08000138   0x00000000   Code   RO         1051    .ARM.Collect$$$$0000000A  mc_w.l(entry8b.o)
    0x08000138   0x08000138   0x00000008   Code   RO         1052    .ARM.Collect$$$$0000000B  mc_w.l(entry9a.o)
    0x08000140   0x08000140   0x00000004   Code   RO         1059    .ARM.Collect$$$$0000000E  mc_w.l(entry12b.o)
    0x08000144   0x08000144   0x00000000   Code   RO         1054    .ARM.Collect$$$$0000000F  mc_w.l(entry10a.o)
    0x08000144   0x08000144   0x00000000   Code   RO         1056    .ARM.Collect$$$$00000011  mc_w.l(entry11a.o)
    0x08000144   0x08000144   0x00000004   Code   RO         1045    .ARM.Collect$$$$00002712  mc_w.l(entry2.o)
    0x08000148   0x08000148   0x00000030   Code   RO           95    .text               startup_stm32f10x_hd.o
    0x08000178   0x08000178   0x000000e4   Code   RO           99    .text               main.o
    0x0800025c   0x0800025c   0x0000005c   Code   RO          193    .text               stm32f10x_it.o
    0x080002b8   0x080002b8   0x000000c8   Code   RO          215    .text               gpio.o
    0x08000380   0x08000380   0x00000774   Code   RO          227    .text               usart.o
    0x08000af4   0x08000af4   0x000001cc   Code   RO          243    .text               delay.o
    0x08000cc0   0x08000cc0   0x00000324   Code   RO          287    .text               nrf24l01.o
    0x08000fe4   0x08000fe4   0x00000284   Code   RO          329    .text               spi.o
    0x08001268   0x08001268   0x00000318   Code   RO          356    .text               hw_config.o
    0x08001580   0x08001580   0x000000f8   Code   RO          408    .text               usb_istr.o
    0x08001678   0x08001678   0x0000021c   Code   RO          432    .text               usb_prop.o
    0x08001894   0x08001894   0x00000148   Code   RO          455    .text               usb_pwr.o
    0x080019dc   0x080019dc   0x00000b5c   Code   RO          473    .text               usb_core.o
    0x08002538   0x08002538   0x0000003c   Code   RO          488    .text               usb_init.o
    0x08002574   0x08002574   0x0000033c   Code   RO          511    .text               usb_int.o
    0x080028b0   0x080028b0   0x0000005c   Code   RO          535    .text               usb_mem.o
    0x0800290c   0x0800290c   0x00000808   Code   RO          547    .text               usb_regs.o
    0x08003114   0x08003114   0x00000080   Code   RO          559    .text               usb_sil.o
    0x08003194   0x08003194   0x000000dc   Code   RO          573    .text               STM32_lib_3.0.lib(misc.o)
    0x08003270   0x08003270   0x0000052c   Code   RO          661    .text               STM32_lib_3.0.lib(stm32f10x_flash.o)
    0x0800379c   0x0800379c   0x0000032c   Code   RO          681    .text               STM32_lib_3.0.lib(stm32f10x_gpio.o)
    0x08003ac8   0x08003ac8   0x000003a0   Code   RO          701    .text               STM32_lib_3.0.lib(stm32f10x_rcc.o)
    0x08003e68   0x08003e68   0x00000300   Code   RO          723    .text               STM32_lib_3.0.lib(stm32f10x_spi.o)
    0x08004168   0x08004168   0x00000bc6   Code   RO          743    .text               STM32_lib_3.0.lib(stm32f10x_tim.o)
    0x08004d2e   0x08004d2e   0x00000002   PAD
    0x08004d30   0x08004d30   0x00000370   Code   RO          763    .text               STM32_lib_3.0.lib(stm32f10x_usart.o)
    0x080050a0   0x080050a0   0x00000024   Code   RO         1076    .text               mc_w.l(init.o)
    0x080050c4   0x080050c4   0x00000056   Code   RO         1094    .text               mc_w.l(__dczerorl2.o)
    0x0800511a   0x0800511a   0x00000002   PAD
    0x0800511c   0x0800511c   0x00000010   Code   RO          785    i.__0printf$bare    mc_w.l(printfb.o)
    0x0800512c   0x0800512c   0x0000000e   Code   RO         1088    i.__scatterload_copy  mc_w.l(handlers.o)
    0x0800513a   0x0800513a   0x00000002   Code   RO         1089    i.__scatterload_null  mc_w.l(handlers.o)
    0x0800513c   0x0800513c   0x0000000e   Code   RO         1090    i.__scatterload_zeroinit  mc_w.l(handlers.o)
    0x0800514a   0x0800514a   0x00000022   Code   RO          792    i._printf_core      mc_w.l(printfb.o)
    0x0800516c   0x0800516c   0x0000000a   Data   RO          288    .constdata          nrf24l01.o
    0x08005176   0x08005176   0x000000ea   Data   RO          395    .constdata          usb_desc.o
    0x08005260   0x08005260   0x00000020   Data   RO         1086    Region$$Table       anon$$obj.o


    Execution Region RW_IRAM1 (Exec base: 0x20000000, Load base: 0x08005280, Size: 0x000003d0, Max: 0x0000c000, ABSOLUTE, COMPRESSED[0x00000094])

    Exec Addr    Load Addr    Size         Type   Attr      Idx    E Section Name        Object

    0x20000000   COMPRESSED   0x00000020   Data   RW          101    .data               main.o
    0x20000020   COMPRESSED   0x00000001   Data   RW          228    .data               usart.o
    0x20000021   COMPRESSED   0x00000001   PAD
    0x20000022   COMPRESSED   0x00000004   Data   RW          244    .data               delay.o
    0x20000026   COMPRESSED   0x0000001c   Data   RW          396    .data               usb_desc.o
    0x20000042   COMPRESSED   0x00000002   PAD
    0x20000044   COMPRESSED   0x0000003c   Data   RW          409    .data               usb_istr.o
    0x20000080   COMPRESSED   0x0000009c   Data   RW          433    .data               usb_prop.o
    0x2000011c   COMPRESSED   0x00000007   Data   RW          456    .data               usb_pwr.o
    0x20000123   COMPRESSED   0x00000001   PAD
    0x20000124   COMPRESSED   0x00000003   Data   RW          474    .data               usb_core.o
    0x20000127   COMPRESSED   0x00000001   PAD
    0x20000128   COMPRESSED   0x00000014   Data   RW          490    .data               usb_init.o
    0x2000013c   COMPRESSED   0x00000004   Data   RW          512    .data               usb_int.o
    0x20000140   COMPRESSED   0x00000014   Data   RW          702    .data               STM32_lib_3.0.lib(stm32f10x_rcc.o)
    0x20000154   COMPRESSED   0x00000004   Data   RW         1060    .data               mc_w.l(stdout.o)
    0x20000158        -       0x0000005c   Zero   RW          100    .bss                main.o
    0x200001b4        -       0x0000001c   Zero   RW          489    .bss                usb_init.o
    0x200001d0        -       0x00000200   Zero   RW           92    STACK               startup_stm32f10x_hd.o


==============================================================================

Image component sizes


      Code (inc. data)   RO Data    RW Data    ZI Data      Debug   Object Name

         0          0          0          0          0       4564   core_cm3.o
       460         30          0          4          0       5948   delay.o
       200         30          0          0          0        931   gpio.o
       792         62          0          0          0       3971   hw_config.o
       228         16          0         32         92     214082   main.o
       804         20         10          0          0       3962   nrf24l01.o
       644         20          0          0          0       2048   spi.o
        48         12        304          0        512        812   startup_stm32f10x_hd.o
        92         14          0          0          0        591   stm32f10x_it.o
         0          0          0          0          0      43736   system_stm32f10x.o
      1908        270          0          1          0       4221   usart.o
      2908        114          0          3          0       7971   usb_core.o
         0          0        234         28          0        953   usb_desc.o
        60         24          0         20         28       3886   usb_init.o
       828         34          0          4          0       1755   usb_int.o
       248         26          0         60          0       1180   usb_istr.o
        92          6          0          0          0       1286   usb_mem.o
       540         46          0        156          0       7430   usb_prop.o
       328         22          0          7          0       2429   usb_pwr.o
      2056         20          0          0          0      11857   usb_regs.o
       128          8          0          0          0       1354   usb_sil.o

    ----------------------------------------------------------------------
     12364        774        580        320        632     324967   Object Totals
         0          0         32          0          0          0   (incl. Generated)
         0          0          0          5          0          0   (incl. Padding)

    ----------------------------------------------------------------------

      Code (inc. data)   RO Data    RW Data    ZI Data      Debug   Library Member Name

       220         20          0          0          0     266693   misc.o
      1324         34          0          0          0       6926   stm32f10x_flash.o
       812         18          0          0          0       4955   stm32f10x_gpio.o
       928         44          0         20          0       8516   stm32f10x_rcc.o
       768          6          0          0          0       6098   stm32f10x_spi.o
      3014         16          0          0          0      23660   stm32f10x_tim.o
       880         12          0          0          0       7563   stm32f10x_usart.o
        86          0          0          0          0          0   __dczerorl2.o
         0          0          0          0          0          0   entry.o
         0          0          0          0          0          0   entry10a.o
         0          0          0          0          0          0   entry11a.o
         4          0          0          0          0          0   entry12b.o
         8          4          0          0          0          0   entry2.o
         4          0          0          0          0          0   entry5.o
         0          0          0          0          0          0   entry7b.o
         0          0          0          0          0          0   entry8b.o
         8          4          0          0          0          0   entry9a.o
        30          0          0          0          0          0   handlers.o
        36          8          0          0          0         68   init.o
        50          8          0          0          0        152   printfb.o
         0          0          0          4          0          0   stdout.o

    ----------------------------------------------------------------------
      8176        174          0         24          0     324631   Library Totals
         4          0          0          0          0          0   (incl. Padding)

    ----------------------------------------------------------------------

      Code (inc. data)   RO Data    RW Data    ZI Data      Debug   Library Name

      7946        150          0         20          0     324411   STM32_lib_3.0.lib
       226         24          0          4          0        220   mc_w.l

    ----------------------------------------------------------------------
      8176        174          0         24          0     324631   Library Totals

    ----------------------------------------------------------------------

==============================================================================


      Code (inc. data)   RO Data    RW Data    ZI Data      Debug   

     20540        948        580        344        632     647334   Grand Totals
     20540        948        580        148        632     647334   ELF Image Totals (compressed)
     20540        948        580        148          0          0   ROM Totals

==============================================================================

    Total RO  Size (Code + RO Data)                21120 (  20.63kB)
    Total RW  Size (RW Data + ZI Data)               976 (   0.95kB)
    Total ROM Size (Code + RO Data + RW Data)      21268 (  20.77kB)

==============================================================================

