<html>
<body>
<pre>
<h1>µVision Build Log</h1>
<h2>Tool Versions:</h2>
IDE-Version: µVision V5.39.0.0
Copyright (C) 2023 ARM Ltd and ARM Germany GmbH. All rights reserved.
License Information: Chi Phung Minh , Student, LIC=----
 
Tool Versions:
Toolchain:       MDK-Lite  Version: 5.39.0.0
Toolchain Path:  C:\Keil_v5\ARM\ARM_Compiler_5.06u7\Bin
C Compiler:      Armcc.exe V5.06 update 7 (build 960)
Assembler:       Armasm.exe V5.06 update 7 (build 960)
Linker/Locator:  ArmLink.exe V5.06 update 7 (build 960)
Library Manager: ArmAr.exe V5.06 update 7 (build 960)
Hex Converter:   FromElf.exe V5.06 update 7 (build 960)
CPU DLL:         SARMCM3.DLL V5.39.0.0
Dialog DLL:      DCM.DLL V1.17.5.0
Target DLL:      STLink\ST-LINKIII-KEIL_SWO.dll V3.2.0.0
Dialog DLL:      TCM.DLL V1.56.4.0
 
<h2>Project:</h2>
C:\Users\CHI\Downloads\Moitai\STM32\USB\main.uvproj
Project File Date:  04/25/2024

<h2>Output:</h2>
*** Using Compiler 'V5.06 update 7 (build 960)', folder: 'C:\Keil_v5\ARM\ARM_Compiler_5.06u7\Bin'
Rebuild target 'Target 1'
assembling startup_stm32f10x_hd.s...
compiling core_cm3.c...
compiling system_stm32f10x.c...
compiling iic.c...
compiling delay.c...
compiling main.c...
compiling nrf24l01.c...
compiling usart.c...
compiling gpio.c...
compiling 24cxx.c...
compiling stm32f10x_it.c...
user\stm32f10x_it.c(35): warning:  #1-D: last line of file ends without a newline
  /***************************************************************/
user\stm32f10x_it.c: 1 warning, 0 errors
compiling spi.c...
compiling tim.c...
compiling usb_desc.c...
compiling usb_pwr.c...
compiling hw_config.c...
usb\hw_config.c(360): warning:  #550-D: variable "X"  was set but never used
    int8_t X = 0, Y = 0,MouseButton=0;
usb\hw_config.c(360): warning:  #550-D: variable "Y"  was set but never used
    int8_t X = 0, Y = 0,MouseButton=0;
usb\hw_config.c: 2 warnings, 0 errors
compiling usb_istr.c...
compiling usb_prop.c...
compiling usb_int.c...
compiling usb_init.c...
compiling usb_mem.c...
compiling usb_core.c...
compiling usb_regs.c...
compiling usb_sil.c...
linking...
Program Size: Code=20540 RO-data=580 RW-data=344 ZI-data=632  
".\out\main.axf" - 0 Error(s), 3 Warning(s).
Build Time Elapsed:  00:00:02
</pre>
</body>
</html>
